BL51 BANKED LINKER/LOCATER V6.22                                                        12/20/2017  19:49:45  PAGE 1


BL51 BANKED LINKER/LOCATER V6.22, INVOKED BY:
D:\KEIL\C51\BIN\BL51.EXE STARTUP.obj, CYStream.obj, dscr.obj, .\Ezusb.lib, fw.obj, USBJmpTb.obj TO CYStream RAMSIZE (256
>> )


MEMORY MODEL: SMALL


INPUT MODULES INCLUDED:
  STARTUP.obj (?C_STARTUP)
  CYStream.obj (CYSTREAM)
  dscr.obj (DSCR)
  .\Ezusb.lib (DISCON)
  .\Ezusb.lib (DELAY)
  .\Ezusb.lib (EZREGS)
  .\Ezusb.lib (I2C)
  .\Ezusb.lib (I2C_RW)
  .\Ezusb.lib (DELAY1MS)
  fw.obj (FW)
  USBJmpTb.obj (USBJMPTBL)
  .\Ezusb.lib (GET_STRD)
  D:\KEIL\C51\LIB\C51S.LIB (?C_INIT)
  D:\KEIL\C51\LIB\C51S.LIB (?C?CLDOPTR)
  D:\KEIL\C51\LIB\C51S.LIB (?C?CSTOPTR)
  D:\KEIL\C51\LIB\C51S.LIB (?C?UIDIV)
  D:\KEIL\C51\LIB\C51S.LIB (?C?SLCMP)
  D:\KEIL\C51\LIB\C51S.LIB (?C?ULCMP)
  D:\KEIL\C51\LIB\C51S.LIB (?C?LSTXDATA)
  D:\KEIL\C51\LIB\C51S.LIB (?C?LSTKXDATA)
  D:\KEIL\C51\LIB\C51S.LIB (?C?CCASE)


LINK MAP OF MODULE:  CYStream (?C_STARTUP)


            TYPE    BASE      LENGTH    RELOCATION   SEGMENT NAME
            -----------------------------------------------------

            * * * * * * *   D A T A   M E M O R Y   * * * * * * *
            REG     0000H     0008H     ABSOLUTE     "REG BANK 0"
            DATA    0008H     0016H     UNIT         _DATA_GROUP_
                    001EH     0002H                  *** GAP ***
            BIT     0020H.0   0003H.7   UNIT         ?BI?FW
            BIT     0023H.7   0000H.1   UNIT         _BIT_GROUP_
            DATA    0024H     0033H     UNIT         ?DT?FW
            DATA    0057H     0006H     UNIT         ?DT?CYSTREAM
            DATA    005DH     0006H     UNIT         ?DT?I2C
            IDATA   0063H     0001H     UNIT         ?STACK

            * * * * * * *  X D A T A   M E M O R Y  * * * * * * *
            XDATA   0000H     001FH     UNIT         _XDATA_GROUP_
            XDATA   001FH     0012H     UNIT         ?XD?FW
                    0031H     E3CFH                  *** GAP ***
            XDATA   E400H     0001H     ABSOLUTE     
                    E401H     007FH                  *** GAP ***
            XDATA   E480H     0001H     ABSOLUTE     
                    E481H     017FH                  *** GAP ***
            XDATA   E600H     0001H     ABSOLUTE     
BL51 BANKED LINKER/LOCATER V6.22                                                      12/20/2017  19:49:45  PAGE 2


            XDATA   E601H     0001H     ABSOLUTE     
            XDATA   E602H     0001H     ABSOLUTE     
            XDATA   E603H     0001H     ABSOLUTE     
            XDATA   E604H     0001H     ABSOLUTE     
            XDATA   E605H     0001H     ABSOLUTE     
            XDATA   E606H     0001H     ABSOLUTE     
            XDATA   E607H     0001H     ABSOLUTE     
            XDATA   E608H     0001H     ABSOLUTE     
            XDATA   E609H     0001H     ABSOLUTE     
            XDATA   E60AH     0001H     ABSOLUTE     
            XDATA   E60BH     0001H     ABSOLUTE     
            XDATA   E60CH     0001H     ABSOLUTE     
                    E60DH     0003H                  *** GAP ***
            XDATA   E610H     0001H     ABSOLUTE     
            XDATA   E611H     0001H     ABSOLUTE     
            XDATA   E612H     0001H     ABSOLUTE     
            XDATA   E613H     0001H     ABSOLUTE     
            XDATA   E614H     0001H     ABSOLUTE     
            XDATA   E615H     0001H     ABSOLUTE     
                    E616H     0002H                  *** GAP ***
            XDATA   E618H     0001H     ABSOLUTE     
            XDATA   E619H     0001H     ABSOLUTE     
            XDATA   E61AH     0001H     ABSOLUTE     
            XDATA   E61BH     0001H     ABSOLUTE     
                    E61CH     0004H                  *** GAP ***
            XDATA   E620H     0001H     ABSOLUTE     
            XDATA   E621H     0001H     ABSOLUTE     
            XDATA   E622H     0001H     ABSOLUTE     
            XDATA   E623H     0001H     ABSOLUTE     
            XDATA   E624H     0001H     ABSOLUTE     
            XDATA   E625H     0001H     ABSOLUTE     
            XDATA   E626H     0001H     ABSOLUTE     
            XDATA   E627H     0001H     ABSOLUTE     
                    E628H     0008H                  *** GAP ***
            XDATA   E630H     0001H     ABSOLUTE     
            XDATA   E631H     0001H     ABSOLUTE     
            XDATA   E632H     0001H     ABSOLUTE     
            XDATA   E633H     0001H     ABSOLUTE     
            XDATA   E634H     0001H     ABSOLUTE     
            XDATA   E635H     0001H     ABSOLUTE     
            XDATA   E636H     0001H     ABSOLUTE     
            XDATA   E637H     0001H     ABSOLUTE     
                    E638H     0008H                  *** GAP ***
            XDATA   E640H     0001H     ABSOLUTE     
            XDATA   E641H     0001H     ABSOLUTE     
            XDATA   E642H     0001H     ABSOLUTE     
            XDATA   E643H     0001H     ABSOLUTE     
                    E644H     0004H                  *** GAP ***
            XDATA   E648H     0001H     ABSOLUTE     
            XDATA   E649H     0001H     ABSOLUTE     
                    E64AH     0006H                  *** GAP ***
            XDATA   E650H     0001H     ABSOLUTE     
            XDATA   E651H     0001H     ABSOLUTE     
            XDATA   E652H     0001H     ABSOLUTE     
            XDATA   E653H     0001H     ABSOLUTE     
            XDATA   E654H     0001H     ABSOLUTE     
            XDATA   E655H     0001H     ABSOLUTE     
BL51 BANKED LINKER/LOCATER V6.22                                                      12/20/2017  19:49:45  PAGE 3


            XDATA   E656H     0001H     ABSOLUTE     
            XDATA   E657H     0001H     ABSOLUTE     
            XDATA   E658H     0001H     ABSOLUTE     
            XDATA   E659H     0001H     ABSOLUTE     
            XDATA   E65AH     0001H     ABSOLUTE     
            XDATA   E65BH     0001H     ABSOLUTE     
            XDATA   E65CH     0001H     ABSOLUTE     
            XDATA   E65DH     0001H     ABSOLUTE     
            XDATA   E65EH     0001H     ABSOLUTE     
            XDATA   E65FH     0001H     ABSOLUTE     
            XDATA   E660H     0001H     ABSOLUTE     
            XDATA   E661H     0001H     ABSOLUTE     
            XDATA   E662H     0001H     ABSOLUTE     
            XDATA   E663H     0001H     ABSOLUTE     
            XDATA   E664H     0001H     ABSOLUTE     
            XDATA   E665H     0001H     ABSOLUTE     
            XDATA   E666H     0001H     ABSOLUTE     
            XDATA   E667H     0001H     ABSOLUTE     
            XDATA   E668H     0001H     ABSOLUTE     
                    E669H     0007H                  *** GAP ***
            XDATA   E670H     0001H     ABSOLUTE     
            XDATA   E671H     0001H     ABSOLUTE     
            XDATA   E672H     0001H     ABSOLUTE     
                    E673H     0005H                  *** GAP ***
            XDATA   E678H     0001H     ABSOLUTE     
            XDATA   E679H     0001H     ABSOLUTE     
            XDATA   E67AH     0001H     ABSOLUTE     
            XDATA   E67BH     0001H     ABSOLUTE     
            XDATA   E67CH     0001H     ABSOLUTE     
            XDATA   E67DH     0001H     ABSOLUTE     
            XDATA   E67EH     0001H     ABSOLUTE     
            XDATA   E67FH     0001H     ABSOLUTE     
            XDATA   E680H     0001H     ABSOLUTE     
            XDATA   E681H     0001H     ABSOLUTE     
            XDATA   E682H     0001H     ABSOLUTE     
            XDATA   E683H     0001H     ABSOLUTE     
            XDATA   E684H     0001H     ABSOLUTE     
            XDATA   E685H     0001H     ABSOLUTE     
            XDATA   E686H     0001H     ABSOLUTE     
            XDATA   E687H     0001H     ABSOLUTE     
                    E688H     0002H                  *** GAP ***
            XDATA   E68AH     0001H     ABSOLUTE     
            XDATA   E68BH     0001H     ABSOLUTE     
                    E68CH     0001H                  *** GAP ***
            XDATA   E68DH     0001H     ABSOLUTE     
                    E68EH     0001H                  *** GAP ***
            XDATA   E68FH     0001H     ABSOLUTE     
            XDATA   E690H     0001H     ABSOLUTE     
            XDATA   E691H     0001H     ABSOLUTE     
                    E692H     0002H                  *** GAP ***
            XDATA   E694H     0001H     ABSOLUTE     
            XDATA   E695H     0001H     ABSOLUTE     
                    E696H     0002H                  *** GAP ***
            XDATA   E698H     0001H     ABSOLUTE     
            XDATA   E699H     0001H     ABSOLUTE     
                    E69AH     0002H                  *** GAP ***
            XDATA   E69CH     0001H     ABSOLUTE     
BL51 BANKED LINKER/LOCATER V6.22                                                      12/20/2017  19:49:45  PAGE 4


            XDATA   E69DH     0001H     ABSOLUTE     
                    E69EH     0002H                  *** GAP ***
            XDATA   E6A0H     0001H     ABSOLUTE     
            XDATA   E6A1H     0001H     ABSOLUTE     
            XDATA   E6A2H     0001H     ABSOLUTE     
            XDATA   E6A3H     0001H     ABSOLUTE     
            XDATA   E6A4H     0001H     ABSOLUTE     
            XDATA   E6A5H     0001H     ABSOLUTE     
            XDATA   E6A6H     0001H     ABSOLUTE     
            XDATA   E6A7H     0001H     ABSOLUTE     
            XDATA   E6A8H     0001H     ABSOLUTE     
            XDATA   E6A9H     0001H     ABSOLUTE     
            XDATA   E6AAH     0001H     ABSOLUTE     
            XDATA   E6ABH     0001H     ABSOLUTE     
            XDATA   E6ACH     0001H     ABSOLUTE     
            XDATA   E6ADH     0001H     ABSOLUTE     
            XDATA   E6AEH     0001H     ABSOLUTE     
            XDATA   E6AFH     0001H     ABSOLUTE     
            XDATA   E6B0H     0001H     ABSOLUTE     
            XDATA   E6B1H     0001H     ABSOLUTE     
            XDATA   E6B2H     0001H     ABSOLUTE     
            XDATA   E6B3H     0001H     ABSOLUTE     
            XDATA   E6B4H     0001H     ABSOLUTE     
            XDATA   E6B5H     0001H     ABSOLUTE     
                    E6B6H     0002H                  *** GAP ***
            XDATA   E6B8H     0008H     ABSOLUTE     
            XDATA   E6C0H     0001H     ABSOLUTE     
            XDATA   E6C1H     0001H     ABSOLUTE     
            XDATA   E6C2H     0001H     ABSOLUTE     
            XDATA   E6C3H     0001H     ABSOLUTE     
            XDATA   E6C4H     0001H     ABSOLUTE     
            XDATA   E6C5H     0001H     ABSOLUTE     
            XDATA   E6C6H     0001H     ABSOLUTE     
            XDATA   E6C7H     0001H     ABSOLUTE     
            XDATA   E6C8H     0001H     ABSOLUTE     
            XDATA   E6C9H     0001H     ABSOLUTE     
            XDATA   E6CAH     0001H     ABSOLUTE     
            XDATA   E6CBH     0001H     ABSOLUTE     
            XDATA   E6CCH     0001H     ABSOLUTE     
            XDATA   E6CDH     0001H     ABSOLUTE     
            XDATA   E6CEH     0001H     ABSOLUTE     
            XDATA   E6CFH     0001H     ABSOLUTE     
            XDATA   E6D0H     0001H     ABSOLUTE     
            XDATA   E6D1H     0001H     ABSOLUTE     
            XDATA   E6D2H     0001H     ABSOLUTE     
            XDATA   E6D3H     0001H     ABSOLUTE     
            XDATA   E6D4H     0001H     ABSOLUTE     
                    E6D5H     0005H                  *** GAP ***
            XDATA   E6DAH     0001H     ABSOLUTE     
            XDATA   E6DBH     0001H     ABSOLUTE     
            XDATA   E6DCH     0001H     ABSOLUTE     
                    E6DDH     0005H                  *** GAP ***
            XDATA   E6E2H     0001H     ABSOLUTE     
            XDATA   E6E3H     0001H     ABSOLUTE     
            XDATA   E6E4H     0001H     ABSOLUTE     
                    E6E5H     0005H                  *** GAP ***
            XDATA   E6EAH     0001H     ABSOLUTE     
BL51 BANKED LINKER/LOCATER V6.22                                                      12/20/2017  19:49:45  PAGE 5


            XDATA   E6EBH     0001H     ABSOLUTE     
            XDATA   E6ECH     0001H     ABSOLUTE     
                    E6EDH     0003H                  *** GAP ***
            XDATA   E6F0H     0001H     ABSOLUTE     
            XDATA   E6F1H     0001H     ABSOLUTE     
            XDATA   E6F2H     0001H     ABSOLUTE     
            XDATA   E6F3H     0001H     ABSOLUTE     
            XDATA   E6F4H     0001H     ABSOLUTE     
            XDATA   E6F5H     0001H     ABSOLUTE     
                    E6F6H     0002H                  *** GAP ***
            XDATA   E6F8H     0001H     ABSOLUTE     
            XDATA   E6F9H     0001H     ABSOLUTE     
            XDATA   E6FAH     0001H     ABSOLUTE     
            XDATA   E6FBH     0001H     ABSOLUTE     
            XDATA   E6FCH     0001H     ABSOLUTE     
            XDATA   E6FDH     0001H     ABSOLUTE     
            XDATA   E6FEH     0001H     ABSOLUTE     
                    E6FFH     0041H                  *** GAP ***
            XDATA   E740H     0040H     ABSOLUTE     
            XDATA   E780H     0040H     ABSOLUTE     
            XDATA   E7C0H     0040H     ABSOLUTE     
                    E800H     0800H                  *** GAP ***
            XDATA   F000H     0400H     ABSOLUTE     
            XDATA   F400H     0400H     ABSOLUTE     
            XDATA   F800H     0400H     ABSOLUTE     
            XDATA   FC00H     0400H     ABSOLUTE     

            * * * * * * *   C O D E   M E M O R Y   * * * * * * *
            CODE    0000H     0003H     ABSOLUTE     
            CODE    0003H     002FH     UNIT         ?PR?EZUSB_DISCON?DISCON
            CODE    0032H     0001H     UNIT         ?PR?ISR_EP0ACK?CYSTREAM
            CODE    0033H     0003H     ABSOLUTE     
            CODE    0036H     000AH     UNIT         ?CO?FW
            CODE    0040H     0002H     UNIT         ?PR?DR_GETDESCRIPTOR?CYSTREAM
            CODE    0042H     0001H     UNIT         ?PR?ISR_STUB?CYSTREAM
            CODE    0043H     0003H     ABSOLUTE     
            CODE    0046H     0004H     UNIT         ?PR?RESUME_ISR?FW
            CODE    004AH     0001H     UNIT         ?PR?ISR_EP0IN?CYSTREAM
            CODE    004BH     0003H     ABSOLUTE     
            CODE    004EH     0002H     UNIT         ?PR?DR_GETSTATUS?CYSTREAM
            CODE    0050H     0002H     UNIT         ?PR?DR_CLEARFEATURE?CYSTREAM
            CODE    0052H     0001H     UNIT         ?PR?ISR_EP0OUT?CYSTREAM
            CODE    0053H     0003H     ABSOLUTE     
            CODE    0056H     0002H     UNIT         ?PR?DR_SETFEATURE?CYSTREAM
            CODE    0058H     0001H     UNIT         ?PR?ISR_EP1IN?CYSTREAM
            CODE    0059H     0001H     UNIT         ?PR?ISR_EP1OUT?CYSTREAM
            CODE    005AH     0001H     UNIT         ?PR?ISR_EP4INOUT?CYSTREAM
            CODE    005BH     0003H     ABSOLUTE     
            CODE    005EH     00A1H     UNIT         ?PR?_EEPROMWRITEPAGE?CYSTREAM
            CODE    00FFH     0001H     UNIT         ?PR?ISR_EP8INOUT?CYSTREAM
            CODE    0100H     014CH     ABSOLUTE     
            CODE    024CH     132AH     UNIT         ?PR?MAIN?FW
            CODE    1576H     04D7H     UNIT         ?PR?SETUPCOMMAND?FW
            CODE    1A4DH     03BBH     UNIT         ?PR?DR_SETINTERFACE?CYSTREAM
            CODE    1E08H     02DDH     UNIT         ?PR?AVERAGE?FW
            CODE    20E5H     0281H     UNIT         ?PR?DR_VENDORCMND?CYSTREAM
            CODE    2366H     01B8H     UNIT         ?PR?_GET_AD?FW
BL51 BANKED LINKER/LOCATER V6.22                                                      12/20/2017  19:49:45  PAGE 6


            CODE    251EH     01A5H     UNIT         ?PR?TD_POLL?CYSTREAM
            CODE    26C3H     012EH     UNIT         ?C?LIB_CODE
            CODE    27F1H     0108H     UNIT         ?PR?I2C_ISR?I2C
            CODE    28F9H     0006H     UNIT         ?PR?ISR_INT5?CYSTREAM
            CODE    28FFH     0001H     UNIT         ?PR?ISR_IBN?CYSTREAM
            CODE    2900H     00B8H     PAGE         ?PR?USB_JUMP_TABLE?USBJT
            CODE    29B8H     00B6H     UNIT         ?PR?TD_INIT?CYSTREAM
            CODE    2A6EH     009BH     UNIT         ?C_INITSEG
            CODE    2B09H     008CH     UNIT         ?C_C51STARTUP
            CODE    2B95H     0048H     UNIT         ?PR?_EEPROMREAD?CYSTREAM
            CODE    2BDDH     0046H     UNIT         ?PR?_EZUSB_DELAY?DELAY
            CODE    2C23H     003FH     UNIT         ?PR?ISR_HIGHSPEED?CYSTREAM
            CODE    2C62H     0038H     UNIT         ?PR?_EZUSB_WAITFOREEPROMWRITE?I2C
            CODE    2C9AH     0037H     UNIT         ?PR?ISR_URES?CYSTREAM
            CODE    2CD1H     0036H     UNIT         ?PR?ISR_EP2INOUT?CYSTREAM
            CODE    2D07H     0034H     UNIT         ?PR?_EZUSB_READI2C_?I2C
            CODE    2D3BH     0032H     UNIT         ?PR?_EZUSB_WRITEI2C_?I2C
            CODE    2D6DH     0031H     UNIT         ?PR?ISR_EP6INOUT?CYSTREAM
            CODE    2D9EH     002BH     UNIT         ?PR?_EZUSB_GETSTRINGDSCR?GET_STRD
            CODE    2DC9H     001CH     UNIT         ?PR?_EZUSB_READI2C?I2C_RW
            CODE    2DE5H     001CH     UNIT         ?PR?_EZUSB_WRITEI2C?I2C_RW
            CODE    2E01H     001AH     UNIT         ?PR?ISR_SUDAV?CYSTREAM
            CODE    2E1BH     001AH     UNIT         ?PR?TIMER0_INIT?FW
            CODE    2E35H     0018H     UNIT         ?PR?ISR_SUTOK?CYSTREAM
            CODE    2E4DH     0018H     UNIT         ?PR?ISR_SUSP?CYSTREAM
            CODE    2E65H     0016H     UNIT         ?PR?ISR_SOF?CYSTREAM
            CODE    2E7BH     0012H     UNIT         ?PR?DR_GETCONFIGURATION?CYSTREAM
            CODE    2E8DH     0012H     UNIT         ?PR?DR_GETINTERFACE?CYSTREAM
            CODE    2E9FH     0012H     UNIT         ?PR?DELAY?FW
            CODE    2EB1H     0011H     UNIT         EZUSB
            CODE    2EC2H     000EH     UNIT         ?PR?GETSUBID?FW
            CODE    2ED0H     0008H     UNIT         ?PR?DR_SETCONFIGURATION?CYSTREAM
            CODE    2ED8H     0008H     UNIT         ?PR?EZUSB_INITI2C?I2C
            CODE    2EE0H     0001H     UNIT         ?PR?ISR_EP0PINGNAK?CYSTREAM
            CODE    2EE1H     0001H     UNIT         ?PR?ISR_EP1PINGNAK?CYSTREAM
            CODE    2EE2H     0001H     UNIT         ?PR?ISR_EP2PINGNAK?CYSTREAM
            CODE    2EE3H     0001H     UNIT         ?PR?ISR_EP4PINGNAK?CYSTREAM
            CODE    2EE4H     0001H     UNIT         ?PR?ISR_EP6PINGNAK?CYSTREAM
            CODE    2EE5H     0001H     UNIT         ?PR?ISR_EP8PINGNAK?CYSTREAM
            CODE    2EE6H     0001H     UNIT         ?PR?ISR_ERRORLIMIT?CYSTREAM
            CODE    2EE7H     0001H     UNIT         ?PR?ISR_EP2PIDERROR?CYSTREAM
            CODE    2EE8H     0001H     UNIT         ?PR?ISR_EP4PIDERROR?CYSTREAM
            CODE    2EE9H     0001H     UNIT         ?PR?ISR_EP6PIDERROR?CYSTREAM
            CODE    2EEAH     0001H     UNIT         ?PR?ISR_EP8PIDERROR?CYSTREAM
            CODE    2EEBH     0001H     UNIT         ?PR?ISR_EP2PFLAG?CYSTREAM
            CODE    2EECH     0001H     UNIT         ?PR?ISR_EP4PFLAG?CYSTREAM
            CODE    2EEDH     0001H     UNIT         ?PR?ISR_EP6PFLAG?CYSTREAM
            CODE    2EEEH     0001H     UNIT         ?PR?ISR_EP8PFLAG?CYSTREAM
            CODE    2EEFH     0001H     UNIT         ?PR?ISR_EP2EFLAG?CYSTREAM
            CODE    2EF0H     0001H     UNIT         ?PR?ISR_EP4EFLAG?CYSTREAM
            CODE    2EF1H     0001H     UNIT         ?PR?ISR_EP6EFLAG?CYSTREAM
            CODE    2EF2H     0001H     UNIT         ?PR?ISR_EP8EFLAG?CYSTREAM
            CODE    2EF3H     0001H     UNIT         ?PR?ISR_EP2FFLAG?CYSTREAM
            CODE    2EF4H     0001H     UNIT         ?PR?ISR_EP4FFLAG?CYSTREAM
            CODE    2EF5H     0001H     UNIT         ?PR?ISR_EP6FFLAG?CYSTREAM
            CODE    2EF6H     0001H     UNIT         ?PR?ISR_EP8FFLAG?CYSTREAM
            CODE    2EF7H     0001H     UNIT         ?PR?ISR_GPIFCOMPLETE?CYSTREAM
BL51 BANKED LINKER/LOCATER V6.22                                                      12/20/2017  19:49:45  PAGE 7


            CODE    2EF8H     0001H     UNIT         ?PR?ISR_GPIFWAVEFORM?CYSTREAM



OVERLAY MAP OF MODULE:   CYStream (?C_STARTUP)


SEGMENT                                      BIT_GROUP          DATA_GROUP          XDATA_GROUP
  +--> CALLED SEGMENT                     START    LENGTH     START    LENGTH     START    LENGTH
-------------------------------------------------------------------------------------------------
?C_C51STARTUP                             -----    -----      -----    -----      -----    -----
  +--> ?PR?MAIN?FW
  +--> ?C_INITSEG

?PR?MAIN?FW                               -----    -----      0008H    0008H      0000H    001DH
  +--> ?PR?GETSUBID?FW
  +--> ?PR?TD_INIT?CYSTREAM
  +--> ?PR?_EZUSB_DELAY?DELAY
  +--> ?PR?TIMER0_INIT?FW
  +--> ?PR?EZUSB_DISCON?DISCON
  +--> ?PR?DELAY?FW
  +--> ?PR?_GET_AD?FW
  +--> ?PR?AVERAGE?FW
  +--> ?PR?SETUPCOMMAND?FW
  +--> ?PR?TD_POLL?CYSTREAM

?PR?TD_INIT?CYSTREAM                      -----    -----      -----    -----      -----    -----
  +--> ?PR?EZUSB_INITI2C?I2C

?PR?_EZUSB_DELAY?DELAY                    -----    -----      0018H    0002H      -----    -----

?PR?EZUSB_DISCON?DISCON                   0023H.7  0000H.1    -----    -----      -----    -----
  +--> ?PR?_EZUSB_DELAY?DELAY

?PR?_GET_AD?FW                            0023H.7  0000H.1    -----    -----      -----    -----
  +--> ?PR?DELAY?FW

?PR?AVERAGE?FW                            -----    -----      0010H    0006H      -----    -----

?PR?SETUPCOMMAND?FW                       -----    -----      -----    -----      -----    -----
  +--> ?PR?DR_GETDESCRIPTOR?CYSTREAM
  +--> ?PR?_EZUSB_GETSTRINGDSCR?GET_STRD
  +--> ?PR?DR_GETINTERFACE?CYSTREAM
  +--> ?PR?DR_SETINTERFACE?CYSTREAM
  +--> ?PR?DR_SETCONFIGURATION?CYSTREAM
  +--> ?PR?DR_GETCONFIGURATION?CYSTREAM
  +--> ?PR?DR_GETSTATUS?CYSTREAM
  +--> ?CO?FW
  +--> ?PR?DR_CLEARFEATURE?CYSTREAM
  +--> ?PR?DR_SETFEATURE?CYSTREAM
  +--> ?PR?DR_VENDORCMND?CYSTREAM

?PR?DR_VENDORCMND?CYSTREAM                -----    -----      0010H    0008H      -----    -----
  +--> ?PR?_EZUSB_DELAY?DELAY
  +--> ?PR?EZUSB_DISCON?DISCON
  +--> ?PR?_EEPROMREAD?CYSTREAM
  +--> ?PR?_EEPROMWRITEPAGE?CYSTREAM
BL51 BANKED LINKER/LOCATER V6.22                                                      12/20/2017  19:49:45  PAGE 8



?PR?_EEPROMREAD?CYSTREAM                  -----    -----      0018H    0006H      001DH    0002H
  +--> ?PR?_EZUSB_WRITEI2C?I2C_RW
  +--> ?PR?_EZUSB_READI2C?I2C_RW

?PR?_EZUSB_WRITEI2C?I2C_RW                -----    -----      -----    -----      -----    -----
  +--> ?PR?_EZUSB_WRITEI2C_?I2C

?PR?_EZUSB_READI2C?I2C_RW                 -----    -----      -----    -----      -----    -----
  +--> ?PR?_EZUSB_READI2C_?I2C

?PR?_EEPROMWRITEPAGE?CYSTREAM             -----    -----      0018H    0003H      001DH    0002H
  +--> ?PR?_EZUSB_WRITEI2C?I2C_RW
  +--> ?PR?_EZUSB_WAITFOREEPROMWRITE?I2C

?PR?TD_POLL?CYSTREAM                      -----    -----      0010H    0004H      -----    -----



SYMBOL TABLE OF MODULE:  CYStream (?C_STARTUP)

  VALUE           TYPE          NAME
  ----------------------------------

  -------         MODULE        ?C_STARTUP
  C:2B09H         SEGMENT       ?C_C51STARTUP
  I:0063H         SEGMENT       ?STACK
  C:0000H         PUBLIC        ?C_STARTUP
  D:00E0H         SYMBOL        ACC
  D:00F0H         SYMBOL        B
  D:0083H         SYMBOL        DPH
  D:0082H         SYMBOL        DPL
  N:0000H         SYMBOL        IBPSTACK
  N:0100H         SYMBOL        IBPSTACKTOP
  N:0080H         SYMBOL        IDATALEN
  C:2B0CH         SYMBOL        IDATALOOP
  N:0000H         SYMBOL        PBPSTACK
  N:0100H         SYMBOL        PBPSTACKTOP
  N:0000H         SYMBOL        PDATALEN
  N:0000H         SYMBOL        PDATASTART
  N:0000H         SYMBOL        PPAGE
  N:0000H         SYMBOL        PPAGEENABLE
  D:00A0H         SYMBOL        PPAGE_SFR
  D:0081H         SYMBOL        SP
  C:2B09H         SYMBOL        STARTUP1
  N:0000H         SYMBOL        XBPSTACK
  N:0000H         SYMBOL        XBPSTACKTOP
  N:0000H         SYMBOL        XDATALEN
  N:0000H         SYMBOL        XDATASTART
  C:0000H         LINE#         126
  C:2B09H         LINE#         133
  C:2B0BH         LINE#         134
  C:2B0CH         LINE#         135
  C:2B0DH         LINE#         136
  C:2B0FH         LINE#         185
  C:2B12H         LINE#         196
  -------         ENDMOD        ?C_STARTUP
BL51 BANKED LINKER/LOCATER V6.22                                                      12/20/2017  19:49:45  PAGE 9



  -------         MODULE        CYSTREAM
  C:0000H         SYMBOL        _ICE_DUMMY_
  C:2EE6H         PUBLIC        ISR_Errorlimit
  C:2ED0H         PUBLIC        DR_SetConfiguration
  D:0057H         PUBLIC        AlternateSetting
  C:004AH         PUBLIC        ISR_Ep0in
  C:0058H         PUBLIC        ISR_Ep1in
  C:29B8H         PUBLIC        TD_Init
  C:0052H         PUBLIC        ISR_Ep0out
  C:0059H         PUBLIC        ISR_Ep1out
  C:251EH         PUBLIC        TD_Poll
  D:0058H         PUBLIC        mycount
  C:2EF7H         PUBLIC        ISR_GpifComplete
  D:005AH         PUBLIC        I2C_Addr
  C:004EH         PUBLIC        DR_GetStatus
  C:2EE0H         PUBLIC        ISR_Ep0pingnak
  C:2EE1H         PUBLIC        ISR_Ep1pingnak
  C:2EF8H         PUBLIC        ISR_GpifWaveform
  C:2EE7H         PUBLIC        ISR_Ep2piderror
  C:2EE2H         PUBLIC        ISR_Ep2pingnak
  C:2EE8H         PUBLIC        ISR_Ep4piderror
  C:2EE3H         PUBLIC        ISR_Ep4pingnak
  C:2EE9H         PUBLIC        ISR_Ep6piderror
  C:2EE4H         PUBLIC        ISR_Ep6pingnak
  D:00AAH         PUBLIC        EP2468STAT
  C:2EEAH         PUBLIC        ISR_Ep8piderror
  C:2EE5H         PUBLIC        ISR_Ep8pingnak
  D:009DH         PUBLIC        AUTOPTRH2
  D:0091H         PUBLIC        EXIF
  C:2E8DH         PUBLIC        DR_GetInterface
  D:009EH         PUBLIC        AUTOPTRL2
  C:0050H         PUBLIC        DR_ClearFeature
  D:009AH         PUBLIC        APTR1H
  D:009BH         PUBLIC        APTR1L
  C:2EEFH         PUBLIC        ISR_Ep2eflag
  C:2EF3H         PUBLIC        ISR_Ep2fflag
  C:2EF0H         PUBLIC        ISR_Ep4eflag
  C:1A4DH         PUBLIC        DR_SetInterface
  C:2EF4H         PUBLIC        ISR_Ep4fflag
  C:2EF1H         PUBLIC        ISR_Ep6eflag
  C:2EF5H         PUBLIC        ISR_Ep6fflag
  C:0040H         PUBLIC        DR_GetDescriptor
  C:2EF2H         PUBLIC        ISR_Ep8eflag
  C:2EF6H         PUBLIC        ISR_Ep8fflag
  C:2EEBH         PUBLIC        ISR_Ep2pflag
  D:00AFH         PUBLIC        AUTOPTRSETUP
  C:2EECH         PUBLIC        ISR_Ep4pflag
  C:2EEDH         PUBLIC        ISR_Ep6pflag
  C:2B95H         PUBLIC        _EEPROMRead
  C:2EEEH         PUBLIC        ISR_Ep8pflag
  C:28F9H         PUBLIC        ISR_int5
  D:00E8H         PUBLIC        EIE
  C:2E01H         PUBLIC        ISR_Sudav
  C:005EH         PUBLIC        _EEPROMWritePage
  D:00B0H         PUBLIC        IOD
  D:005BH         PUBLIC        Configuration
BL51 BANKED LINKER/LOCATER V6.22                                                      12/20/2017  19:49:45  PAGE 10


  D:005CH         PUBLIC        DB_Addr
  C:0032H         PUBLIC        ISR_Ep0ack
  C:2C23H         PUBLIC        ISR_Highspeed
  C:2E35H         PUBLIC        ISR_Sutok
  C:28FFH         PUBLIC        ISR_Ibn
  C:2CD1H         PUBLIC        ISR_Ep2inout
  C:005AH         PUBLIC        ISR_Ep4inout
  C:20E5H         PUBLIC        DR_VendorCmnd
  C:2D6DH         PUBLIC        ISR_Ep6inout
  C:0042H         PUBLIC        ISR_Stub
  C:00FFH         PUBLIC        ISR_Ep8inout
  C:2C9AH         PUBLIC        ISR_Ures
  C:0056H         PUBLIC        DR_SetFeature
  C:2E65H         PUBLIC        ISR_Sof
  C:2E7BH         PUBLIC        DR_GetConfiguration
  C:2E4DH         PUBLIC        ISR_Susp
  -------         PROC          TD_INIT
  -------         DO            
  D:0004H         SYMBOL        i
  D:0006H         SYMBOL        j
  -------         ENDDO         
  C:29B8H         LINE#         121
  C:29B8H         LINE#         122
  C:29B8H         LINE#         127
  C:29C1H         LINE#         128
  C:29C4H         LINE#         131
  C:29CBH         LINE#         132
  C:29CEH         LINE#         136
  C:29D5H         LINE#         137
  C:29D8H         LINE#         138
  C:29DFH         LINE#         139
  C:29E2H         LINE#         140
  C:29E9H         LINE#         141
  C:29ECH         LINE#         142
  C:29F3H         LINE#         143
  C:29F6H         LINE#         144
  C:29FDH         LINE#         145
  C:2A00H         LINE#         146
  C:2A06H         LINE#         148
  C:2A09H         LINE#         149
  C:2A0EH         LINE#         152
  C:2A11H         LINE#         153
  C:2A11H         LINE#         154
  C:2A17H         LINE#         155
  C:2A1BH         LINE#         156
  C:2A23H         LINE#         157
  C:2A2BH         LINE#         158
  C:2A33H         LINE#         159
  C:2A37H         LINE#         160
  C:2A37H         LINE#         161
  C:2A43H         LINE#         162
  C:2A50H         LINE#         163
  C:2A56H         LINE#         164
  C:2A5BH         LINE#         165
  C:2A66H         LINE#         167
  C:2A69H         LINE#         169
  C:2A6BH         LINE#         170
BL51 BANKED LINKER/LOCATER V6.22                                                      12/20/2017  19:49:45  PAGE 11


  -------         ENDPROC       TD_INIT
  -------         PROC          TD_POLL
  -------         DO            
  D:0010H         SYMBOL        i
  D:0012H         SYMBOL        count
  -------         ENDDO         
  C:251EH         LINE#         174
  C:251EH         LINE#         175
  C:251EH         LINE#         179
  C:2528H         LINE#         180
  C:2528H         LINE#         182
  C:254EH         LINE#         183
  C:254EH         LINE#         184
  C:254EH         LINE#         185
  C:2556H         LINE#         186
  C:2556H         LINE#         187
  C:255BH         LINE#         188
  C:2561H         LINE#         189
  C:2561H         LINE#         190
  C:2562H         LINE#         191
  C:2562H         LINE#         193
  C:256AH         LINE#         194
  C:256AH         LINE#         195
  C:2570H         LINE#         196
  C:2574H         LINE#         197
  C:257CH         LINE#         198
  C:2584H         LINE#         199
  C:258CH         LINE#         201
  C:2592H         LINE#         202
  C:2597H         LINE#         204
  C:259FH         LINE#         205
  C:259FH         LINE#         206
  C:25A0H         LINE#         207
  C:25A0H         LINE#         208
  C:25A0H         LINE#         209
  C:25A8H         LINE#         210
  C:25A8H         LINE#         211
  C:25B0H         LINE#         212
  C:25B0H         LINE#         213
  C:25B4H         LINE#         214
  C:25B8H         LINE#         216
  C:25BCH         LINE#         217
  C:25C0H         LINE#         219
  C:25D3H         LINE#         222
  C:25E3H         LINE#         223
  C:25E3H         LINE#         225
  C:25EBH         LINE#         226
  C:25F5H         LINE#         227
  C:25F5H         LINE#         228
  C:25F5H         LINE#         229
  C:25F5H         LINE#         230
  C:25F5H         LINE#         231
  C:25F5H         LINE#         232
  C:25F5H         LINE#         233
  C:25F5H         LINE#         234
  C:25F8H         LINE#         235
  C:25F8H         LINE#         236
BL51 BANKED LINKER/LOCATER V6.22                                                      12/20/2017  19:49:45  PAGE 12


  C:25F8H         LINE#         238
  C:2600H         LINE#         239
  C:2600H         LINE#         240
  C:2606H         LINE#         241
  C:260AH         LINE#         242
  C:2612H         LINE#         243
  C:261AH         LINE#         244
  C:2622H         LINE#         246
  C:2628H         LINE#         247
  C:262DH         LINE#         249
  C:2635H         LINE#         250
  C:2635H         LINE#         251
  C:2636H         LINE#         252
  C:2636H         LINE#         254
  C:263EH         LINE#         255
  C:263EH         LINE#         256
  C:263EH         LINE#         257
  C:263EH         LINE#         258
  C:2640H         LINE#         259
  C:2640H         LINE#         260
  C:2640H         LINE#         261
  C:2640H         LINE#         263
  C:2640H         LINE#         265
  C:264DH         LINE#         266
  C:264DH         LINE#         267
  C:264DH         LINE#         268
  C:264DH         LINE#         270
  C:2652H         LINE#         271
  C:2652H         LINE#         272
  C:2657H         LINE#         273
  C:2657H         LINE#         274
  C:265BH         LINE#         275
  C:265FH         LINE#         277
  C:2663H         LINE#         278
  C:2667H         LINE#         280
  C:267AH         LINE#         283
  C:268AH         LINE#         284
  C:268AH         LINE#         286
  C:2692H         LINE#         287
  C:269CH         LINE#         288
  C:26A4H         LINE#         289
  C:26A7H         LINE#         290
  C:26AFH         LINE#         291
  C:26B2H         LINE#         292
  C:26B5H         LINE#         293
  C:26B5H         LINE#         294
  C:26B5H         LINE#         295
  C:26B7H         LINE#         299
  C:26B7H         LINE#         301
  C:26BCH         LINE#         302
  C:26BCH         LINE#         303
  C:26C2H         LINE#         304
  C:26C2H         LINE#         305
  C:26C2H         LINE#         306
  C:26C2H         LINE#         307
  C:26C2H         LINE#         308
  C:26C2H         LINE#         309
BL51 BANKED LINKER/LOCATER V6.22                                                      12/20/2017  19:49:45  PAGE 13


  -------         ENDPROC       TD_POLL
  -------         PROC          DR_GETDESCRIPTOR
  C:0040H         LINE#         316
  C:0040H         LINE#         317
  C:0040H         LINE#         318
  C:0041H         LINE#         319
  -------         ENDPROC       DR_GETDESCRIPTOR
  -------         PROC          DR_SETCONFIGURATION
  C:2ED0H         LINE#         321
  C:2ED0H         LINE#         322
  C:2ED0H         LINE#         323
  C:2ED6H         LINE#         324
  C:2ED7H         LINE#         325
  -------         ENDPROC       DR_SETCONFIGURATION
  -------         PROC          DR_GETCONFIGURATION
  C:2E7BH         LINE#         327
  C:2E7BH         LINE#         328
  C:2E7BH         LINE#         329
  C:2E81H         LINE#         330
  C:2E86H         LINE#         331
  C:2E8BH         LINE#         332
  C:2E8CH         LINE#         333
  -------         ENDPROC       DR_GETCONFIGURATION
  -------         PROC          DR_SETINTERFACE
  -------         DO            
  D:0002H         SYMBOL        i
  D:0007H         SYMBOL        j
  -------         ENDDO         
  C:1A4DH         LINE#         335
  C:1A4DH         LINE#         336
  C:1A4DH         LINE#         339
  C:1A53H         LINE#         341
  C:1A5AH         LINE#         342
  C:1A60H         LINE#         344
  C:1A6AH         LINE#         345
  C:1A6AH         LINE#         347
  C:1A93H         LINE#         348
  C:1A93H         LINE#         349
  C:1A93H         LINE#         352
  C:1A99H         LINE#         353
  C:1A9CH         LINE#         355
  C:1AA3H         LINE#         356
  C:1AA6H         LINE#         357
  C:1AADH         LINE#         358
  C:1AB0H         LINE#         359
  C:1AB7H         LINE#         360
  C:1ABAH         LINE#         361
  C:1AC1H         LINE#         362
  C:1AC4H         LINE#         363
  C:1ACBH         LINE#         364
  C:1ACEH         LINE#         367
  C:1AD4H         LINE#         368
  C:1AD7H         LINE#         369
  C:1ADAH         LINE#         370
  C:1ADDH         LINE#         371
  C:1ADFH         LINE#         372
  C:1AE2H         LINE#         375
BL51 BANKED LINKER/LOCATER V6.22                                                      12/20/2017  19:49:45  PAGE 14


  C:1AE8H         LINE#         376
  C:1AEBH         LINE#         378
  C:1AEEH         LINE#         380
  C:1AEEH         LINE#         382
  C:1AEEH         LINE#         383
  C:1AEEH         LINE#         384
  C:1AEEH         LINE#         385
  C:1AEEH         LINE#         387
  C:1AEEH         LINE#         388
  C:1AEEH         LINE#         389
  C:1AEEH         LINE#         390
  C:1AEEH         LINE#         391
  C:1AEEH         LINE#         392
  C:1AEEH         LINE#         393
  C:1AEEH         LINE#         394
  C:1AEEH         LINE#         397
  C:1AEEH         LINE#         398
  C:1AEEH         LINE#         399
  C:1AEEH         LINE#         400
  C:1AEEH         LINE#         401
  C:1AEEH         LINE#         402
  C:1AEEH         LINE#         405
  C:1AEEH         LINE#         406
  C:1AEEH         LINE#         409
  C:1AEEH         LINE#         410
  C:1AEEH         LINE#         411
  C:1AEEH         LINE#         412
  C:1AEEH         LINE#         416
  C:1AF1H         LINE#         417
  C:1AF1H         LINE#         419
  C:1AF7H         LINE#         420
  C:1AFAH         LINE#         421
  C:1AFFH         LINE#         422
  C:1AFFH         LINE#         424
  C:1AFFH         LINE#         425
  C:1AFFH         LINE#         426
  C:1AFFH         LINE#         427
  C:1AFFH         LINE#         428
  C:1AFFH         LINE#         429
  C:1AFFH         LINE#         430
  C:1AFFH         LINE#         431
  C:1AFFH         LINE#         434
  C:1AFFH         LINE#         435
  C:1AFFH         LINE#         436
  C:1AFFH         LINE#         437
  C:1AFFH         LINE#         438
  C:1AFFH         LINE#         439
  C:1AFFH         LINE#         442
  C:1AFFH         LINE#         443
  C:1AFFH         LINE#         446
  C:1AFFH         LINE#         447
  C:1AFFH         LINE#         448
  C:1AFFH         LINE#         449
  C:1AFFH         LINE#         450
  C:1B02H         LINE#         452
  C:1B02H         LINE#         454
  C:1B08H         LINE#         455
BL51 BANKED LINKER/LOCATER V6.22                                                      12/20/2017  19:49:45  PAGE 15


  C:1B0BH         LINE#         457
  C:1B20H         LINE#         458
  C:1B23H         LINE#         461
  C:1B29H         LINE#         462
  C:1B2CH         LINE#         463
  C:1B2FH         LINE#         464
  C:1B32H         LINE#         465
  C:1B34H         LINE#         466
  C:1B37H         LINE#         470
  C:1B3DH         LINE#         472
  C:1B40H         LINE#         474
  C:1B40H         LINE#         475
  C:1B40H         LINE#         477
  C:1B40H         LINE#         478
  C:1B40H         LINE#         479
  C:1B40H         LINE#         480
  C:1B40H         LINE#         483
  C:1B40H         LINE#         484
  C:1B40H         LINE#         485
  C:1B40H         LINE#         487
  C:1B40H         LINE#         488
  C:1B43H         LINE#         490
  C:1B43H         LINE#         491
  C:1B43H         LINE#         493
  C:1B49H         LINE#         494
  C:1B4CH         LINE#         496
  C:1B61H         LINE#         497
  C:1B64H         LINE#         500
  C:1B6AH         LINE#         501
  C:1B6DH         LINE#         502
  C:1B70H         LINE#         503
  C:1B73H         LINE#         504
  C:1B75H         LINE#         505
  C:1B78H         LINE#         509
  C:1B7DH         LINE#         510
  C:1B7DH         LINE#         511
  C:1B80H         LINE#         513
  C:1B80H         LINE#         514
  C:1B80H         LINE#         515
  C:1B86H         LINE#         516
  C:1B89H         LINE#         517
  C:1B8FH         LINE#         518
  C:1B92H         LINE#         520
  C:1B98H         LINE#         521
  C:1B9BH         LINE#         522
  C:1B9EH         LINE#         523
  C:1BA1H         LINE#         524
  C:1BA3H         LINE#         525
  C:1BA6H         LINE#         527
  C:1BA7H         LINE#         528
  C:1BA7H         LINE#         529
  C:1BB2H         LINE#         530
  C:1BB2H         LINE#         532
  C:1BB7H         LINE#         533
  C:1BBAH         LINE#         534
  C:1BC0H         LINE#         535
  C:1BC3H         LINE#         536
BL51 BANKED LINKER/LOCATER V6.22                                                      12/20/2017  19:49:45  PAGE 16


  C:1BC6H         LINE#         537
  C:1BC6H         LINE#         538
  C:1BD2H         LINE#         539
  C:1BDDH         LINE#         541
  C:1BE2H         LINE#         542
  C:1BE5H         LINE#         543
  C:1BEBH         LINE#         544
  C:1BEEH         LINE#         548
  C:1BF3H         LINE#         551
  C:1BF3H         LINE#         552
  C:1BF3H         LINE#         553
  C:1BF3H         LINE#         554
  C:1BF3H         LINE#         555
  C:1BF6H         LINE#         557
  C:1BF6H         LINE#         558
  C:1BF6H         LINE#         559
  C:1BFDH         LINE#         560
  C:1C03H         LINE#         562
  C:1C09H         LINE#         563
  C:1C0CH         LINE#         564
  C:1C12H         LINE#         565
  C:1C15H         LINE#         567
  C:1C1CH         LINE#         568
  C:1C1FH         LINE#         569
  C:1C26H         LINE#         570
  C:1C29H         LINE#         571
  C:1C30H         LINE#         572
  C:1C33H         LINE#         573
  C:1C3AH         LINE#         574
  C:1C3DH         LINE#         577
  C:1C43H         LINE#         578
  C:1C46H         LINE#         579
  C:1C49H         LINE#         580
  C:1C4CH         LINE#         581
  C:1C4EH         LINE#         582
  C:1C51H         LINE#         585
  C:1C57H         LINE#         586
  C:1C5AH         LINE#         588
  C:1C5CH         LINE#         589
  C:1C5CH         LINE#         590
  C:1C5CH         LINE#         591
  C:1C6FH         LINE#         592
  C:1C75H         LINE#         593
  C:1C7AH         LINE#         594
  C:1C7EH         LINE#         596
  C:1C7EH         LINE#         597
  C:1C7EH         LINE#         598
  C:1C7EH         LINE#         599
  C:1C7EH         LINE#         600
  C:1C81H         LINE#         602
  C:1C81H         LINE#         603
  C:1C81H         LINE#         604
  C:1C81H         LINE#         606
  C:1C81H         LINE#         608
  C:1C99H         LINE#         609
  C:1C99H         LINE#         610
  C:1C99H         LINE#         613
BL51 BANKED LINKER/LOCATER V6.22                                                      12/20/2017  19:49:45  PAGE 17


  C:1C9FH         LINE#         614
  C:1CA2H         LINE#         615
  C:1CA8H         LINE#         616
  C:1CABH         LINE#         618
  C:1CB2H         LINE#         619
  C:1CB5H         LINE#         620
  C:1CBCH         LINE#         621
  C:1CBFH         LINE#         622
  C:1CC6H         LINE#         623
  C:1CC9H         LINE#         624
  C:1CD0H         LINE#         625
  C:1CD3H         LINE#         628
  C:1CD9H         LINE#         629
  C:1CDCH         LINE#         630
  C:1CDFH         LINE#         631
  C:1CE2H         LINE#         632
  C:1CE4H         LINE#         633
  C:1CE7H         LINE#         636
  C:1CEDH         LINE#         637
  C:1CF0H         LINE#         640
  C:1CF3H         LINE#         641
  C:1CF3H         LINE#         642
  C:1CF3H         LINE#         643
  C:1CF6H         LINE#         645
  C:1CF6H         LINE#         646
  C:1CFCH         LINE#         647
  C:1CFFH         LINE#         648
  C:1D05H         LINE#         649
  C:1D08H         LINE#         651
  C:1D0FH         LINE#         652
  C:1D12H         LINE#         653
  C:1D19H         LINE#         654
  C:1D1CH         LINE#         655
  C:1D23H         LINE#         656
  C:1D26H         LINE#         657
  C:1D2DH         LINE#         658
  C:1D30H         LINE#         661
  C:1D36H         LINE#         662
  C:1D39H         LINE#         663
  C:1D3CH         LINE#         664
  C:1D3FH         LINE#         665
  C:1D41H         LINE#         666
  C:1D44H         LINE#         669
  C:1D4AH         LINE#         670
  C:1D4DH         LINE#         673
  C:1D53H         LINE#         674
  C:1D56H         LINE#         675
  C:1D56H         LINE#         676
  C:1D56H         LINE#         677
  C:1D58H         LINE#         679
  C:1D58H         LINE#         681
  C:1D5EH         LINE#         682
  C:1D61H         LINE#         684
  C:1D76H         LINE#         685
  C:1D79H         LINE#         688
  C:1D7FH         LINE#         689
  C:1D82H         LINE#         690
BL51 BANKED LINKER/LOCATER V6.22                                                      12/20/2017  19:49:45  PAGE 18


  C:1D85H         LINE#         691
  C:1D88H         LINE#         692
  C:1D8AH         LINE#         693
  C:1D8DH         LINE#         695
  C:1D8DH         LINE#         696
  C:1D8DH         LINE#         697
  C:1D9CH         LINE#         698
  C:1D9CH         LINE#         700
  C:1DA2H         LINE#         701
  C:1DA5H         LINE#         702
  C:1DAAH         LINE#         703
  C:1DADH         LINE#         704
  C:1DAFH         LINE#         705
  C:1DAFH         LINE#         706
  C:1DBBH         LINE#         707
  C:1DC8H         LINE#         709
  C:1DCEH         LINE#         710
  C:1DD1H         LINE#         711
  C:1DD6H         LINE#         712
  C:1DD9H         LINE#         713
  C:1DDBH         LINE#         715
  C:1DDBH         LINE#         717
  C:1DF0H         LINE#         718
  C:1DF3H         LINE#         719
  C:1DF9H         LINE#         720
  C:1DFCH         LINE#         723
  C:1E02H         LINE#         724
  C:1E05H         LINE#         725
  C:1E06H         LINE#         726
  C:1E06H         LINE#         728
  C:1E06H         LINE#         729
  C:1E06H         LINE#         730
  C:1E06H         LINE#         731
  C:1E07H         LINE#         732
  -------         ENDPROC       DR_SETINTERFACE
  -------         PROC          DR_GETINTERFACE
  C:2E8DH         LINE#         734
  C:2E8DH         LINE#         735
  C:2E8DH         LINE#         736
  C:2E93H         LINE#         737
  C:2E98H         LINE#         738
  C:2E9DH         LINE#         739
  C:2E9EH         LINE#         740
  -------         ENDPROC       DR_GETINTERFACE
  -------         PROC          DR_GETSTATUS
  C:004EH         LINE#         742
  C:004EH         LINE#         743
  C:004EH         LINE#         744
  C:004FH         LINE#         745
  -------         ENDPROC       DR_GETSTATUS
  -------         PROC          DR_CLEARFEATURE
  C:0050H         LINE#         747
  C:0050H         LINE#         748
  C:0050H         LINE#         749
  C:0051H         LINE#         750
  -------         ENDPROC       DR_CLEARFEATURE
  -------         PROC          DR_SETFEATURE
BL51 BANKED LINKER/LOCATER V6.22                                                      12/20/2017  19:49:45  PAGE 19


  C:0056H         LINE#         752
  C:0056H         LINE#         753
  C:0056H         LINE#         754
  C:0057H         LINE#         755
  -------         ENDPROC       DR_SETFEATURE
  -------         PROC          DR_VENDORCMND
  -------         DO            
  D:0010H         SYMBOL        addr
  D:0012H         SYMBOL        len
  D:0014H         SYMBOL        bc
  D:0006H         SYMBOL        ChipRev
  D:0016H         SYMBOL        i
  -------         ENDDO         
  C:20E5H         LINE#         757
  C:20E5H         LINE#         758
  C:20E5H         LINE#         765
  C:20F3H         LINE#         767
  C:20F8H         LINE#         769
  C:2135H         LINE#         770
  C:2135H         LINE#         771
  C:2135H         LINE#         772
  C:213AH         LINE#         773
  C:213AH         LINE#         774
  C:213AH         LINE#         775
  C:213AH         LINE#         776
  C:213CH         LINE#         778
  C:213CH         LINE#         779
  C:2143H         LINE#         780
  C:2146H         LINE#         781
  C:2146H         LINE#         782
  C:2146H         LINE#         783
  C:2146H         LINE#         784
  C:2148H         LINE#         786
  C:2148H         LINE#         787
  C:214EH         LINE#         788
  C:2153H         LINE#         789
  C:2158H         LINE#         790
  C:215FH         LINE#         791
  C:2162H         LINE#         793
  C:2162H         LINE#         794
  C:2168H         LINE#         795
  C:216BH         LINE#         797
  C:216BH         LINE#         798
  C:2171H         LINE#         799
  C:2171H         LINE#         800
  C:2171H         LINE#         801
  C:2173H         LINE#         803
  C:2173H         LINE#         804
  C:217AH         LINE#         805
  C:217FH         LINE#         806
  C:2183H         LINE#         807
  C:2186H         LINE#         809
  C:2186H         LINE#         810
  C:218CH         LINE#         811
  C:2191H         LINE#         812
  C:2196H         LINE#         813
  C:219DH         LINE#         814
BL51 BANKED LINKER/LOCATER V6.22                                                      12/20/2017  19:49:45  PAGE 20


  C:21A4H         LINE#         815
  C:21A9H         LINE#         816
  C:21ACH         LINE#         818
  C:21ACH         LINE#         821
  C:21B3H         LINE#         822
  C:21BBH         LINE#         823
  C:21C3H         LINE#         824
  C:21CBH         LINE#         825
  C:21D3H         LINE#         826
  C:21D6H         LINE#         828
  C:21D6H         LINE#         829
  C:21D9H         LINE#         830
  C:21DCH         LINE#         833
  C:21DCH         LINE#         834
  C:21DCH         LINE#         835
  C:21E5H         LINE#         836
  C:21EBH         LINE#         837
  C:21F4H         LINE#         838
  C:21FAH         LINE#         841
  C:2205H         LINE#         842
  C:2205H         LINE#         843
  C:220EH         LINE#         844
  C:220EH         LINE#         845
  C:2215H         LINE#         847
  C:2220H         LINE#         848
  C:2228H         LINE#         850
  C:222EH         LINE#         853
  C:2235H         LINE#         854
  C:2235H         LINE#         855
  C:2245H         LINE#         856
  C:226AH         LINE#         857
  C:226AH         LINE#         859
  C:226AH         LINE#         860
  C:227AH         LINE#         861
  C:2292H         LINE#         862
  C:22A3H         LINE#         863
  C:22A3H         LINE#         865
  C:22A8H         LINE#         866
  C:22AEH         LINE#         868
  C:22B8H         LINE#         869
  C:22C5H         LINE#         871
  C:22C8H         LINE#         872
  C:22C8H         LINE#         873
  C:22D3H         LINE#         874
  C:22D3H         LINE#         875
  C:22D6H         LINE#         876
  C:22DFH         LINE#         877
  C:22DFH         LINE#         879
  C:22E4H         LINE#         880
  C:22E8H         LINE#         882
  C:22EFH         LINE#         884
  C:22F8H         LINE#         887
  C:22FFH         LINE#         888
  C:22FFH         LINE#         889
  C:230FH         LINE#         890
  C:2334H         LINE#         891
  C:2334H         LINE#         892
BL51 BANKED LINKER/LOCATER V6.22                                                      12/20/2017  19:49:45  PAGE 21


  C:2338H         LINE#         893
  C:2338H         LINE#         894
  C:2341H         LINE#         896
  C:2341H         LINE#         898
  C:234DH         LINE#         899
  C:235AH         LINE#         900
  C:235DH         LINE#         901
  C:2360H         LINE#         902
  C:2360H         LINE#         903
  C:2362H         LINE#         905
  C:2362H         LINE#         906
  C:2364H         LINE#         907
  C:2364H         LINE#         908
  C:2364H         LINE#         909
  C:2365H         LINE#         910
  -------         ENDPROC       DR_VENDORCMND
  -------         PROC          ISR_SUDAV
  C:2E01H         LINE#         918
  C:2E07H         LINE#         920
  C:2E09H         LINE#         922
  C:2E0BH         LINE#         923
  C:2E0EH         LINE#         924
  C:2E14H         LINE#         925
  -------         ENDPROC       ISR_SUDAV
  -------         PROC          ISR_SUTOK
  C:2E35H         LINE#         928
  C:2E3BH         LINE#         930
  C:2E3DH         LINE#         931
  C:2E40H         LINE#         932
  C:2E46H         LINE#         933
  -------         ENDPROC       ISR_SUTOK
  -------         PROC          ISR_SOF
  C:2E65H         LINE#         935
  C:2E6BH         LINE#         937
  C:2E6EH         LINE#         938
  C:2E74H         LINE#         939
  -------         ENDPROC       ISR_SOF
  -------         PROC          ISR_URES
  C:2C9AH         LINE#         941
  C:2CA0H         LINE#         943
  C:2CA7H         LINE#         944
  C:2CA7H         LINE#         945
  C:2CADH         LINE#         946
  C:2CB3H         LINE#         947
  C:2CB5H         LINE#         949
  C:2CB5H         LINE#         950
  C:2CBBH         LINE#         951
  C:2CC1H         LINE#         952
  C:2CC1H         LINE#         954
  C:2CC4H         LINE#         955
  C:2CCAH         LINE#         956
  -------         ENDPROC       ISR_URES
  -------         PROC          ISR_SUSP
  C:2E4DH         LINE#         958
  C:2E53H         LINE#         960
  C:2E55H         LINE#         961
  C:2E58H         LINE#         962
BL51 BANKED LINKER/LOCATER V6.22                                                      12/20/2017  19:49:45  PAGE 22


  C:2E5EH         LINE#         963
  -------         ENDPROC       ISR_SUSP
  -------         PROC          ISR_HIGHSPEED
  C:2C23H         LINE#         965
  C:2C29H         LINE#         967
  C:2C2BH         LINE#         968
  C:2C32H         LINE#         969
  C:2C32H         LINE#         970
  C:2C38H         LINE#         971
  C:2C3EH         LINE#         974
  C:2C44H         LINE#         975
  C:2C46H         LINE#         977
  C:2C46H         LINE#         978
  C:2C4CH         LINE#         979
  C:2C52H         LINE#         980
  C:2C52H         LINE#         982
  C:2C55H         LINE#         983
  C:2C5BH         LINE#         984
  -------         ENDPROC       ISR_HIGHSPEED
  -------         PROC          ISR_INT5
  C:28F9H         LINE#         986
  C:28F9H         LINE#         988
  C:28FBH         LINE#         989
  C:28FEH         LINE#         990
  -------         ENDPROC       ISR_INT5
  -------         PROC          ISR_EP0ACK
  C:0032H         LINE#         992
  C:0032H         LINE#         994
  -------         ENDPROC       ISR_EP0ACK
  -------         PROC          ISR_STUB
  C:0042H         LINE#         995
  C:0042H         LINE#         997
  -------         ENDPROC       ISR_STUB
  -------         PROC          ISR_EP0IN
  C:004AH         LINE#         998
  C:004AH         LINE#         1000
  -------         ENDPROC       ISR_EP0IN
  -------         PROC          ISR_EP0OUT
  C:0052H         LINE#         1001
  C:0052H         LINE#         1003
  -------         ENDPROC       ISR_EP0OUT
  -------         PROC          ISR_EP1IN
  C:0058H         LINE#         1004
  C:0058H         LINE#         1006
  -------         ENDPROC       ISR_EP1IN
  -------         PROC          ISR_EP1OUT
  C:0059H         LINE#         1007
  C:0059H         LINE#         1009
  -------         ENDPROC       ISR_EP1OUT
  -------         PROC          ISR_EP2INOUT
  C:2CD1H         LINE#         1013
  C:2CD9H         LINE#         1015
  C:2CE0H         LINE#         1016
  C:2CE0H         LINE#         1017
  C:2CE5H         LINE#         1018
  C:2CE5H         LINE#         1020
  C:2CEAH         LINE#         1021
BL51 BANKED LINKER/LOCATER V6.22                                                      12/20/2017  19:49:45  PAGE 23


  C:2CEAH         LINE#         1022
  C:2CF0H         LINE#         1023
  C:2CF5H         LINE#         1024
  C:2CF5H         LINE#         1025
  C:2CF5H         LINE#         1026
  C:2CF5H         LINE#         1027
  C:2CF8H         LINE#         1028
  C:2CFEH         LINE#         1029
  -------         ENDPROC       ISR_EP2INOUT
  -------         PROC          ISR_EP4INOUT
  C:005AH         LINE#         1030
  C:005AH         LINE#         1032
  -------         ENDPROC       ISR_EP4INOUT
  -------         PROC          ISR_EP6INOUT
  C:2D6DH         LINE#         1033
  C:2D75H         LINE#         1035
  C:2D7CH         LINE#         1036
  C:2D7CH         LINE#         1037
  C:2D81H         LINE#         1038
  C:2D81H         LINE#         1040
  C:2D86H         LINE#         1041
  C:2D86H         LINE#         1042
  C:2D8CH         LINE#         1043
  C:2D8CH         LINE#         1044
  C:2D8CH         LINE#         1045
  C:2D8CH         LINE#         1046
  C:2D8FH         LINE#         1047
  C:2D95H         LINE#         1048
  -------         ENDPROC       ISR_EP6INOUT
  -------         PROC          ISR_EP8INOUT
  C:00FFH         LINE#         1049
  C:00FFH         LINE#         1051
  -------         ENDPROC       ISR_EP8INOUT
  -------         PROC          ISR_IBN
  C:28FFH         LINE#         1052
  C:28FFH         LINE#         1054
  -------         ENDPROC       ISR_IBN
  -------         PROC          ISR_EP0PINGNAK
  C:2EE0H         LINE#         1055
  C:2EE0H         LINE#         1057
  -------         ENDPROC       ISR_EP0PINGNAK
  -------         PROC          ISR_EP1PINGNAK
  C:2EE1H         LINE#         1058
  C:2EE1H         LINE#         1060
  -------         ENDPROC       ISR_EP1PINGNAK
  -------         PROC          ISR_EP2PINGNAK
  C:2EE2H         LINE#         1061
  C:2EE2H         LINE#         1063
  -------         ENDPROC       ISR_EP2PINGNAK
  -------         PROC          ISR_EP4PINGNAK
  C:2EE3H         LINE#         1064
  C:2EE3H         LINE#         1066
  -------         ENDPROC       ISR_EP4PINGNAK
  -------         PROC          ISR_EP6PINGNAK
  C:2EE4H         LINE#         1067
  C:2EE4H         LINE#         1069
  -------         ENDPROC       ISR_EP6PINGNAK
BL51 BANKED LINKER/LOCATER V6.22                                                      12/20/2017  19:49:45  PAGE 24


  -------         PROC          ISR_EP8PINGNAK
  C:2EE5H         LINE#         1070
  C:2EE5H         LINE#         1072
  -------         ENDPROC       ISR_EP8PINGNAK
  -------         PROC          ISR_ERRORLIMIT
  C:2EE6H         LINE#         1073
  C:2EE6H         LINE#         1075
  -------         ENDPROC       ISR_ERRORLIMIT
  -------         PROC          ISR_EP2PIDERROR
  C:2EE7H         LINE#         1076
  C:2EE7H         LINE#         1078
  -------         ENDPROC       ISR_EP2PIDERROR
  -------         PROC          ISR_EP4PIDERROR
  C:2EE8H         LINE#         1079
  C:2EE8H         LINE#         1081
  -------         ENDPROC       ISR_EP4PIDERROR
  -------         PROC          ISR_EP6PIDERROR
  C:2EE9H         LINE#         1082
  C:2EE9H         LINE#         1084
  -------         ENDPROC       ISR_EP6PIDERROR
  -------         PROC          ISR_EP8PIDERROR
  C:2EEAH         LINE#         1085
  C:2EEAH         LINE#         1087
  -------         ENDPROC       ISR_EP8PIDERROR
  -------         PROC          ISR_EP2PFLAG
  C:2EEBH         LINE#         1088
  C:2EEBH         LINE#         1090
  -------         ENDPROC       ISR_EP2PFLAG
  -------         PROC          ISR_EP4PFLAG
  C:2EECH         LINE#         1091
  C:2EECH         LINE#         1093
  -------         ENDPROC       ISR_EP4PFLAG
  -------         PROC          ISR_EP6PFLAG
  C:2EEDH         LINE#         1094
  C:2EEDH         LINE#         1096
  -------         ENDPROC       ISR_EP6PFLAG
  -------         PROC          ISR_EP8PFLAG
  C:2EEEH         LINE#         1097
  C:2EEEH         LINE#         1099
  -------         ENDPROC       ISR_EP8PFLAG
  -------         PROC          ISR_EP2EFLAG
  C:2EEFH         LINE#         1100
  C:2EEFH         LINE#         1102
  -------         ENDPROC       ISR_EP2EFLAG
  -------         PROC          ISR_EP4EFLAG
  C:2EF0H         LINE#         1103
  C:2EF0H         LINE#         1105
  -------         ENDPROC       ISR_EP4EFLAG
  -------         PROC          ISR_EP6EFLAG
  C:2EF1H         LINE#         1106
  C:2EF1H         LINE#         1108
  -------         ENDPROC       ISR_EP6EFLAG
  -------         PROC          ISR_EP8EFLAG
  C:2EF2H         LINE#         1109
  C:2EF2H         LINE#         1111
  -------         ENDPROC       ISR_EP8EFLAG
  -------         PROC          ISR_EP2FFLAG
BL51 BANKED LINKER/LOCATER V6.22                                                      12/20/2017  19:49:45  PAGE 25


  C:2EF3H         LINE#         1112
  C:2EF3H         LINE#         1114
  -------         ENDPROC       ISR_EP2FFLAG
  -------         PROC          ISR_EP4FFLAG
  C:2EF4H         LINE#         1115
  C:2EF4H         LINE#         1117
  -------         ENDPROC       ISR_EP4FFLAG
  -------         PROC          ISR_EP6FFLAG
  C:2EF5H         LINE#         1118
  C:2EF5H         LINE#         1120
  -------         ENDPROC       ISR_EP6FFLAG
  -------         PROC          ISR_EP8FFLAG
  C:2EF6H         LINE#         1121
  C:2EF6H         LINE#         1123
  -------         ENDPROC       ISR_EP8FFLAG
  -------         PROC          ISR_GPIFCOMPLETE
  C:2EF7H         LINE#         1124
  C:2EF7H         LINE#         1126
  -------         ENDPROC       ISR_GPIFCOMPLETE
  -------         PROC          ISR_GPIFWAVEFORM
  C:2EF8H         LINE#         1127
  C:2EF8H         LINE#         1129
  -------         ENDPROC       ISR_GPIFWAVEFORM
  -------         PROC          _EEPROMREAD
  D:0018H         SYMBOL        addr
  D:001AH         SYMBOL        length
  D:001BH         SYMBOL        buf
  -------         DO            
  D:0005H         SYMBOL        i
  D:001DH         SYMBOL        j
  X:001DH         SYMBOL        ee_str
  -------         ENDDO         
  C:2B95H         LINE#         1131
  C:2B9FH         LINE#         1132
  C:2B9FH         LINE#         1133
  C:2BA1H         LINE#         1134
  C:2BA3H         LINE#         1137
  C:2BA7H         LINE#         1138
  C:2BB9H         LINE#         1140
  C:2BC9H         LINE#         1142
  C:2BD2H         LINE#         1143
  -------         ENDPROC       _EEPROMREAD
  -------         PROC          _EEPROMWRITEPAGE
  D:0018H         SYMBOL        addr
  D:001AH         SYMBOL        length
  -------         DO            
  D:0007H         SYMBOL        i
  X:001DH         SYMBOL        Buffer
  -------         ENDDO         
  C:005EH         LINE#         1146
  C:0064H         LINE#         1147
  C:0064H         LINE#         1153
  C:006CH         LINE#         1154
  C:0074H         LINE#         1156
  C:0076H         LINE#         1157
  C:0076H         LINE#         1158
  C:008EH         LINE#         1159
BL51 BANKED LINKER/LOCATER V6.22                                                      12/20/2017  19:49:45  PAGE 26


  C:0090H         LINE#         1160
  C:0096H         LINE#         1161
  C:009AH         LINE#         1163
  C:00A1H         LINE#         1164
  C:00A1H         LINE#         1165
  C:00B0H         LINE#         1166
  C:00B0H         LINE#         1167
  C:00B2H         LINE#         1169
  C:00B2H         LINE#         1170
  C:00C3H         LINE#         1171
  C:00C8H         LINE#         1172
  C:00D3H         LINE#         1173
  C:00D7H         LINE#         1174
  C:00DBH         LINE#         1175
  C:00E3H         LINE#         1176
  C:00EBH         LINE#         1177
  C:00F9H         LINE#         1178
  C:00FEH         LINE#         1179
  C:00FEH         LINE#         1180
  -------         ENDPROC       _EEPROMWRITEPAGE
  -------         ENDMOD        CYSTREAM

  -------         MODULE        DSCR
  C:0100H         PUBLIC        DEVICEDSCR
  C:0114H         PUBLIC        DEVICEQUALDSCR
  C:01C6H         PUBLIC        FULLSPEEDCONFIGDSCR
  C:0120H         PUBLIC        HIGHSPEEDCONFIGDSCR
  C:021EH         PUBLIC        STRINGDSCR
  C:024AH         PUBLIC        USERDSCR
  N:0002H         SYMBOL        DSCR_CONFIG
  N:0009H         SYMBOL        DSCR_CONFIG_LEN
  N:0001H         SYMBOL        DSCR_DEVICE
  N:0012H         SYMBOL        DSCR_DEVICE_LEN
  N:0006H         SYMBOL        DSCR_DEVQUAL
  N:000AH         SYMBOL        DSCR_DEVQUAL_LEN
  N:0005H         SYMBOL        DSCR_ENDPNT
  N:0007H         SYMBOL        DSCR_ENDPNT_LEN
  N:0004H         SYMBOL        DSCR_INTRFC
  N:0009H         SYMBOL        DSCR_INTRFC_LEN
  N:0003H         SYMBOL        DSCR_STRING
  N:0002H         SYMBOL        ET_BULK
  N:0000H         SYMBOL        ET_CONTROL
  N:0003H         SYMBOL        ET_INT
  N:0001H         SYMBOL        ET_ISO
  C:021DH         SYMBOL        FULLSPEEDCONFIGDSCREND
  C:01C5H         SYMBOL        HIGHSPEEDCONFIGDSCREND
  C:021EH         SYMBOL        STRINGDSCR0
  C:0222H         SYMBOL        STRINGDSCR0END
  C:0222H         SYMBOL        STRINGDSCR1
  C:0232H         SYMBOL        STRINGDSCR1END
  C:0232H         SYMBOL        STRINGDSCR2
  C:024AH         SYMBOL        STRINGDSCR2END
  -------         ENDMOD        DSCR

  -------         MODULE        DISCON
  C:0000H         SYMBOL        _ICE_DUMMY_
  D:0091H         PUBLIC        EXIF
BL51 BANKED LINKER/LOCATER V6.22                                                      12/20/2017  19:49:45  PAGE 27


  C:0003H         PUBLIC        EZUSB_Discon
  -------         PROC          EZUSB_DISCON
  B:0023H.7       SYMBOL        renum
  C:0003H         LINE#         4
  C:0003H         LINE#         5
  C:0003H         LINE#         7
  C:0006H         LINE#         8
  C:000FH         LINE#         10
  C:0016H         LINE#         13
  C:001DH         LINE#         14
  C:0023H         LINE#         15
  C:0027H         LINE#         16
  C:002AH         LINE#         18
  C:0031H         LINE#         19
  -------         ENDPROC       EZUSB_DISCON
  -------         ENDMOD        DISCON

  -------         MODULE        DELAY
  C:0000H         SYMBOL        _ICE_DUMMY_
  C:2BDDH         PUBLIC        _EZUSB_Delay
  -------         PROC          _EZUSB_DELAY
  D:0018H         SYMBOL        ms
  C:2BDDH         LINE#         5
  C:2BE1H         LINE#         6
  C:2BE1H         LINE#         12
  C:2BE9H         LINE#         13
  C:2BFBH         LINE#         14
  C:2C05H         LINE#         15
  C:2C10H         LINE#         17
  C:2C1DH         LINE#         18
  C:2C22H         LINE#         19
  -------         ENDPROC       _EZUSB_DELAY
  -------         ENDMOD        DELAY

  -------         MODULE        EZREGS
  C:0000H         SYMBOL        _ICE_DUMMY_
  X:E652H         PUBLIC        EP4FIFOIE
  X:E668H         PUBLIC        INTSETUP
  X:E600H         PUBLIC        CPUCS
  X:E654H         PUBLIC        EP6FIFOIE
  X:E680H         PUBLIC        USBCS
  X:E65FH         PUBLIC        EPIRQ
  X:E656H         PUBLIC        EP8FIFOIE
  X:E6F2H         PUBLIC        XGPIFSGLDATLNOX
  X:E6C0H         PUBLIC        GPIFWFSELECT
  X:E6F0H         PUBLIC        XGPIFSGLDATH
  X:E605H         PUBLIC        BREAKPT
  X:E609H         PUBLIC        FIFOPINPOLAR
  X:E640H         PUBLIC        EP2ISOINPKTS
  X:E678H         PUBLIC        I2CS
  X:E610H         PUBLIC        EP1OUTCFG
  X:E6F9H         PUBLIC        TESTCFG
  X:E641H         PUBLIC        EP4ISOINPKTS
  X:E68AH         PUBLIC        EP0BCH
  X:E661H         PUBLIC        GPIFIRQ
  X:E642H         PUBLIC        EP6ISOINPKTS
  X:E690H         PUBLIC        EP2BCH
BL51 BANKED LINKER/LOCATER V6.22                                                      12/20/2017  19:49:45  PAGE 28


  X:E643H         PUBLIC        EP8ISOINPKTS
  X:E694H         PUBLIC        EP4BCH
  X:E68BH         PUBLIC        EP0BCL
  X:E612H         PUBLIC        EP2CFG
  X:E698H         PUBLIC        EP6BCH
  X:E691H         PUBLIC        EP2BCL
  X:E613H         PUBLIC        EP4CFG
  X:E6A7H         PUBLIC        EP2FIFOFLGS
  X:E69CH         PUBLIC        EP8BCH
  X:E695H         PUBLIC        EP4BCL
  X:E614H         PUBLIC        EP6CFG
  X:E6A8H         PUBLIC        EP4FIFOFLGS
  X:E699H         PUBLIC        EP6BCL
  X:E780H         PUBLIC        EP1OUTBUF
  X:E67BH         PUBLIC        XAUTODAT1
  X:E615H         PUBLIC        EP8CFG
  X:E6A9H         PUBLIC        EP6FIFOFLGS
  X:E69DH         PUBLIC        EP8BCL
  X:E67CH         PUBLIC        XAUTODAT2
  X:E684H         PUBLIC        USBFRAMEH
  X:E6F5H         PUBLIC        GPIFABORT
  X:E6AAH         PUBLIC        EP8FIFOFLGS
  X:E6F8H         PUBLIC        DBUG
  X:E740H         PUBLIC        EP0BUF
  X:E6CBH         PUBLIC        FLOWSTB
  X:E65EH         PUBLIC        EPIE
  X:E685H         PUBLIC        USBFRAMEL
  X:E681H         PUBLIC        SUSPEND
  X:E60CH         PUBLIC        GPIFHOLDAMOUNT
  X:E6D4H         PUBLIC        EP2GPIFTRIG
  X:E6C7H         PUBLIC        FLOWLOGIC
  X:E6DCH         PUBLIC        EP4GPIFTRIG
  X:E604H         PUBLIC        FIFORESET
  X:E6E4H         PUBLIC        EP6GPIFTRIG
  X:E6C2H         PUBLIC        GPIFIDLECTL
  X:E6FAH         PUBLIC        USBTEST
  X:E6B3H         PUBLIC        SUDPTRH
  X:E6ECH         PUBLIC        EP8GPIFTRIG
  X:E6D2H         PUBLIC        EP2GPIFFLGSEL
  X:E611H         PUBLIC        EP1INCFG
  X:E6B4H         PUBLIC        SUDPTRL
  X:E687H         PUBLIC        FNADDR
  X:E6DAH         PUBLIC        EP4GPIFFLGSEL
  X:E6D1H         PUBLIC        GPIFTCB0
  X:E6CDH         PUBLIC        FLOWSTBHPERIOD
  X:E6D0H         PUBLIC        GPIFTCB1
  X:E665H         PUBLIC        CLRERRCNT
  X:E6E2H         PUBLIC        EP6GPIFFLGSEL
  X:E6CFH         PUBLIC        GPIFTCB2
  X:E664H         PUBLIC        ERRCNTLIM
  X:E6CEH         PUBLIC        GPIFTCB3
  X:E6EAH         PUBLIC        EP8GPIFFLGSEL
  X:E660H         PUBLIC        GPIFIE
  X:E67FH         PUBLIC        UDMACRCQUAL
  X:E400H         PUBLIC        GPIF_WAVE_DATA
  X:E6CCH         PUBLIC        FLOWSTBEDGE
  X:E6ABH         PUBLIC        EP2FIFOBCH
BL51 BANKED LINKER/LOCATER V6.22                                                      12/20/2017  19:49:45  PAGE 29


  X:E7C0H         PUBLIC        EP1INBUF
  X:E6C6H         PUBLIC        FLOWSTATE
  X:E6ADH         PUBLIC        EP4FIFOBCH
  X:E6CAH         PUBLIC        FLOWHOLDOFF
  X:E618H         PUBLIC        EP2FIFOCFG
  X:E6AFH         PUBLIC        EP6FIFOBCH
  X:E6ACH         PUBLIC        EP2FIFOBCL
  X:E619H         PUBLIC        EP4FIFOCFG
  X:E6B1H         PUBLIC        EP8FIFOBCH
  X:E6AEH         PUBLIC        EP4FIFOBCL
  X:E649H         PUBLIC        OUTPKTEND
  X:E663H         PUBLIC        USBERRIRQ
  X:E61AH         PUBLIC        EP6FIFOCFG
  X:E6B0H         PUBLIC        EP6FIFOBCL
  X:E620H         PUBLIC        EP2AUTOINLENH
  X:E61BH         PUBLIC        EP8FIFOCFG
  X:E6B2H         PUBLIC        EP8FIFOBCL
  X:E68DH         PUBLIC        EP1OUTBC
  X:E622H         PUBLIC        EP4AUTOINLENH
  X:E666H         PUBLIC        INT2IVEC
  X:E659H         PUBLIC        IBNIRQ
  X:E6FBH         PUBLIC        CT1
  X:E6C4H         PUBLIC        GPIFADRH
  X:E65BH         PUBLIC        NAKIRQ
  X:E624H         PUBLIC        EP6AUTOINLENH
  X:E621H         PUBLIC        EP2AUTOINLENL
  X:E601H         PUBLIC        IFCONFIG
  X:E6FCH         PUBLIC        CT2
  X:E6B5H         PUBLIC        SUDPTRCTL
  X:E667H         PUBLIC        INT4IVEC
  X:E6FDH         PUBLIC        CT3
  X:E67DH         PUBLIC        UDMACRCH
  X:E626H         PUBLIC        EP8AUTOINLENH
  X:E623H         PUBLIC        EP4AUTOINLENL
  X:E6FEH         PUBLIC        CT4
  X:F000H         PUBLIC        EP2FIFOBUF
  X:E6C5H         PUBLIC        GPIFADRL
  X:E625H         PUBLIC        EP6AUTOINLENL
  X:E630H         PUBLIC        EP2FIFOPFH
  X:F400H         PUBLIC        EP4FIFOBUF
  X:E67EH         PUBLIC        UDMACRCL
  X:E627H         PUBLIC        EP8AUTOINLENL
  X:E6D3H         PUBLIC        EP2GPIFPFSTOP
  X:E683H         PUBLIC        TOGCTL
  X:E632H         PUBLIC        EP4FIFOPFH
  X:F800H         PUBLIC        EP6FIFOBUF
  X:E6DBH         PUBLIC        EP4GPIFPFSTOP
  X:E634H         PUBLIC        EP6FIFOPFH
  X:E631H         PUBLIC        EP2FIFOPFL
  X:FC00H         PUBLIC        EP8FIFOBUF
  X:E60BH         PUBLIC        REVCTL
  X:E6E3H         PUBLIC        EP6GPIFPFSTOP
  X:E636H         PUBLIC        EP8FIFOPFH
  X:E633H         PUBLIC        EP4FIFOPFL
  X:E608H         PUBLIC        UART230
  X:E480H         PUBLIC        RES_WAVEDATA_END
  X:E6EBH         PUBLIC        EP8GPIFPFSTOP
BL51 BANKED LINKER/LOCATER V6.22                                                      12/20/2017  19:49:45  PAGE 30


  X:E679H         PUBLIC        I2DAT
  X:E635H         PUBLIC        EP6FIFOPFL
  X:E6A1H         PUBLIC        EP1OUTCS
  X:E637H         PUBLIC        EP8FIFOPFL
  X:E65DH         PUBLIC        USBIRQ
  X:E670H         PUBLIC        PORTACFG
  X:E671H         PUBLIC        PORTCCFG
  X:E651H         PUBLIC        EP2FIFOIRQ
  X:E602H         PUBLIC        PINFLAGSAB
  X:E6A0H         PUBLIC        EP0CS
  X:E6F4H         PUBLIC        GPIFREADYSTAT
  X:E6C3H         PUBLIC        GPIFCTLCFG
  X:E672H         PUBLIC        PORTECFG
  X:E653H         PUBLIC        EP4FIFOIRQ
  X:E6C1H         PUBLIC        GPIFIDLECS
  X:E6A3H         PUBLIC        EP2CS
  X:E67AH         PUBLIC        I2CTL
  X:E655H         PUBLIC        EP6FIFOIRQ
  X:E603H         PUBLIC        PINFLAGSCD
  X:E6A4H         PUBLIC        EP4CS
  X:E648H         PUBLIC        INPKTEND
  X:E657H         PUBLIC        EP8FIFOIRQ
  X:E6A5H         PUBLIC        EP6CS
  X:E6A6H         PUBLIC        EP8CS
  X:E68FH         PUBLIC        EP1INBC
  X:E662H         PUBLIC        USBERRIE
  X:E6C8H         PUBLIC        FLOWEQ0CTL
  X:E6C9H         PUBLIC        FLOWEQ1CTL
  X:E682H         PUBLIC        WAKEUPCS
  X:E6F1H         PUBLIC        XGPIFSGLDATLX
  X:E658H         PUBLIC        IBNIE
  X:E686H         PUBLIC        MICROFRAME
  X:E65AH         PUBLIC        NAKIE
  X:E6B8H         PUBLIC        SETUPDAT
  X:E6F3H         PUBLIC        GPIFREADYCFG
  X:E6A2H         PUBLIC        EP1INCS
  X:E606H         PUBLIC        BPADDRH
  X:E65CH         PUBLIC        USBIE
  X:E60AH         PUBLIC        REVID
  X:E607H         PUBLIC        BPADDRL
  X:E650H         PUBLIC        EP2FIFOIE
  -------         ENDMOD        EZREGS

  -------         MODULE        I2C
  C:0000H         SYMBOL        _ICE_DUMMY_
  B:00E8H.1       PUBLIC        EI2C
  B:00A8H.7       PUBLIC        EA
  D:0091H         PUBLIC        EXIF
  C:27F1H         PUBLIC        i2c_isr
  C:2ED8H         PUBLIC        EZUSB_InitI2C
  D:005DH         PUBLIC        I2CPckt
  C:2C62H         PUBLIC        _EZUSB_WaitForEEPROMWrite
  C:2D07H         PUBLIC        _EZUSB_ReadI2C_
  C:2D3BH         PUBLIC        _EZUSB_WriteI2C_
  -------         PROC          EZUSB_INITI2C
  C:2ED8H         LINE#         7
  C:2ED8H         LINE#         8
BL51 BANKED LINKER/LOCATER V6.22                                                      12/20/2017  19:49:45  PAGE 31


  C:2ED8H         LINE#         9
  C:2EDBH         LINE#         11
  C:2EDDH         LINE#         12
  C:2EDFH         LINE#         17
  -------         ENDPROC       EZUSB_INITI2C
  -------         PROC          _EZUSB_WAITFOREEPROMWRITE
  D:0005H         SYMBOL        addr
  C:2C62H         LINE#         19
  C:2C64H         LINE#         20
  C:2C64H         LINE#         23
  C:2C6BH         LINE#         27
  C:2C6DH         LINE#         30
  C:2C6DH         LINE#         31
  C:2C74H         LINE#         32
  C:2C7BH         LINE#         33
  C:2C82H         LINE#         34
  C:2C89H         LINE#         35
  C:2C90H         LINE#         36
  C:2C97H         LINE#         39
  C:2C99H         LINE#         41
  -------         ENDPROC       _EZUSB_WAITFOREEPROMWRITE
  -------         PROC          _EZUSB_WRITEI2C_
  D:0004H         SYMBOL        addr
  D:0005H         SYMBOL        length
  D:0002H         SYMBOL        dat
  C:2D3BH         LINE#         42
  C:2D3DH         LINE#         43
  C:2D3DH         LINE#         46
  C:2D44H         LINE#         49
  C:2D48H         LINE#         50
  C:2D48H         LINE#         51
  C:2D4FH         LINE#         52
  C:2D56H         LINE#         54
  C:2D58H         LINE#         55
  C:2D63H         LINE#         56
  C:2D66H         LINE#         57
  C:2D69H         LINE#         59
  C:2D6BH         LINE#         60
  C:2D6BH         LINE#         62
  C:2D6CH         LINE#         63
  -------         ENDPROC       _EZUSB_WRITEI2C_
  -------         PROC          _EZUSB_READI2C_
  D:0004H         SYMBOL        addr
  D:0005H         SYMBOL        length
  D:0002H         SYMBOL        dat
  C:2D07H         LINE#         65
  C:2D09H         LINE#         66
  C:2D09H         LINE#         69
  C:2D10H         LINE#         72
  C:2D14H         LINE#         73
  C:2D14H         LINE#         74
  C:2D1BH         LINE#         75
  C:2D24H         LINE#         77
  C:2D26H         LINE#         78
  C:2D31H         LINE#         79
  C:2D34H         LINE#         80
  C:2D37H         LINE#         82
BL51 BANKED LINKER/LOCATER V6.22                                                      12/20/2017  19:49:45  PAGE 32


  C:2D39H         LINE#         83
  C:2D39H         LINE#         85
  C:2D3AH         LINE#         86
  -------         ENDPROC       _EZUSB_READI2C_
  -------         PROC          I2C_ISR
  C:27F1H         LINE#         88
  C:2811H         LINE#         90
  C:2818H         LINE#         91
  C:281EH         LINE#         92
  C:282BH         LINE#         93
  C:2831H         LINE#         95
  C:284FH         LINE#         96
  C:284FH         LINE#         97
  C:284FH         LINE#         98
  C:2865H         LINE#         99
  C:286BH         LINE#         100
  C:286EH         LINE#         101
  C:2870H         LINE#         102
  C:2870H         LINE#         103
  C:2884H         LINE#         104
  C:2887H         LINE#         105
  C:288DH         LINE#         106
  C:2894H         LINE#         107
  C:2896H         LINE#         108
  C:2896H         LINE#         109
  C:289DH         LINE#         110
  C:28A4H         LINE#         111
  C:28AAH         LINE#         112
  C:28AAH         LINE#         113
  C:28B1H         LINE#         114
  C:28B4H         LINE#         115
  C:28B4H         LINE#         116
  C:28C8H         LINE#         117
  C:28CAH         LINE#         118
  C:28CCH         LINE#         119
  C:28CCH         LINE#         120
  C:28D3H         LINE#         124
  C:28D6H         LINE#         126
  C:28D8H         LINE#         127
  C:28D8H         LINE#         128
  C:28DBH         LINE#         129
  C:28DBH         LINE#         130
  C:28DBH         LINE#         131
  C:28DEH         LINE#         132
  -------         ENDPROC       I2C_ISR
  -------         ENDMOD        I2C

  -------         MODULE        I2C_RW
  C:0000H         SYMBOL        _ICE_DUMMY_
  C:2DC9H         PUBLIC        _EZUSB_ReadI2C
  C:2DE5H         PUBLIC        _EZUSB_WriteI2C
  -------         PROC          _EZUSB_READI2C
  D:0007H         SYMBOL        addr
  D:0005H         SYMBOL        length
[...]
  C:23F4H         LINE#         1263
  C:23F7H         LINE#         1265
  C:23F7H         LINE#         1266
  C:23FAH         LINE#         1267
  C:2405H         LINE#         1268
  C:240DH         LINE#         1269
  C:240DH         LINE#         1270
  C:2410H         LINE#         1271
  C:2413H         LINE#         1272
  C:2415H         LINE#         1273
  C:2419H         LINE#         1274
  C:2419H         LINE#         1275
  C:241CH         LINE#         1276
  C:241FH         LINE#         1277
  C:241FH         LINE#         1279
  C:2422H         LINE#         1280
  C:242AH         LINE#         1281
  C:242AH         LINE#         1282
  C:242DH         LINE#         1283
  C:242FH         LINE#         1284
  C:2433H         LINE#         1285
  C:2433H         LINE#         1286
  C:2436H         LINE#         1288
  C:2436H         LINE#         1289
  C:2439H         LINE#         1290
  C:2441H         LINE#         1291
  C:2441H         LINE#         1292
  C:2444H         LINE#         1293
  C:2446H         LINE#         1294
  C:244AH         LINE#         1295
  C:244AH         LINE#         1296
  C:244DH         LINE#         1298
  C:244DH         LINE#         1299
  C:2450H         LINE#         1300
  C:2450H         LINE#         1301
BL51 BANKED LINKER/LOCATER V6.22                                                      12/20/2017  19:49:45  PAGE 56


  C:2458H         LINE#         1302
  C:2458H         LINE#         1303
  C:245BH         LINE#         1304
  C:245DH         LINE#         1305
  C:2461H         LINE#         1306
  C:2461H         LINE#         1307
  C:2464H         LINE#         1309
  C:2464H         LINE#         1310
  C:2467H         LINE#         1311
  C:246FH         LINE#         1312
  C:246FH         LINE#         1313
  C:2472H         LINE#         1314
  C:2474H         LINE#         1315
  C:2478H         LINE#         1316
  C:2478H         LINE#         1317
  C:247BH         LINE#         1319
  C:247BH         LINE#         1320
  C:2486H         LINE#         1321
  C:248EH         LINE#         1322
  C:248EH         LINE#         1323
  C:249DH         LINE#         1324
  C:249DH         LINE#         1325
  C:249FH         LINE#         1326
  C:24A3H         LINE#         1327
  C:24A3H         LINE#         1328
  C:24B2H         LINE#         1329
  C:24B2H         LINE#         1330
  C:24B2H         LINE#         1331
  C:24B5H         LINE#         1332
  C:24C0H         LINE#         1333
  C:24C3H         LINE#         1335
  C:24C3H         LINE#         1336
  C:24CBH         LINE#         1337
  C:24CBH         LINE#         1338
  C:24CEH         LINE#         1339
  C:24D0H         LINE#         1340
  C:24D4H         LINE#         1341
  C:24D4H         LINE#         1342
  C:24D7H         LINE#         1344
  C:24D7H         LINE#         1345
  C:24DAH         LINE#         1346
  C:24E2H         LINE#         1347
  C:24E2H         LINE#         1348
  C:24E5H         LINE#         1349
  C:24E7H         LINE#         1350
  C:24EBH         LINE#         1351
  C:24EBH         LINE#         1352
  C:24EEH         LINE#         1354
  C:24EEH         LINE#         1355
  C:24F1H         LINE#         1356
  C:24FCH         LINE#         1358
  C:2504H         LINE#         1359
  C:2504H         LINE#         1360
  C:2507H         LINE#         1361
  C:250AH         LINE#         1362
  C:250CH         LINE#         1363
  C:2510H         LINE#         1364
BL51 BANKED LINKER/LOCATER V6.22                                                      12/20/2017  19:49:45  PAGE 57


  C:2510H         LINE#         1365
  C:2513H         LINE#         1366
  C:2516H         LINE#         1367
  C:2516H         LINE#         1369
  C:2519H         LINE#         1372
  C:251DH         LINE#         1373
  -------         ENDPROC       _GET_AD
  -------         PROC          SETUPCOMMAND
  -------         DO            
  D:0001H         SYMBOL        dscr_ptr
  D:0005H         SYMBOL        i
  -------         ENDDO         
  C:1576H         LINE#         1376
  C:1576H         LINE#         1377
  C:1576H         LINE#         1381
  C:15DEH         LINE#         1382
  C:15DEH         LINE#         1384
  C:15DEH         LINE#         1385
  C:15F2H         LINE#         1386
  C:15F8H         LINE#         1387
  C:1614H         LINE#         1388
  C:1617H         LINE#         1389
  C:161AH         LINE#         1390
  C:161AH         LINE#         1391
  C:1621H         LINE#         1392
  C:1621H         LINE#         1393
  C:1629H         LINE#         1394
  C:162CH         LINE#         1396
  C:162CH         LINE#         1397
  C:1632H         LINE#         1398
  C:1632H         LINE#         1399
  C:1632H         LINE#         1400
  C:1632H         LINE#         1401
  C:1635H         LINE#         1402
  C:1635H         LINE#         1403
  C:1640H         LINE#         1404
  C:1642H         LINE#         1405
  C:1645H         LINE#         1408
  C:1645H         LINE#         1409
  C:1659H         LINE#         1410
  C:1659H         LINE#         1411
  C:165BH         LINE#         1412
  C:165DH         LINE#         1413
  C:166AH         LINE#         1414
  C:166CH         LINE#         1415
  C:166CH         LINE#         1416
  C:166CH         LINE#         1417
  C:166CH         LINE#         1418
  C:166FH         LINE#         1420
  C:166FH         LINE#         1421
  C:1677H         LINE#         1422
  C:167AH         LINE#         1423
  C:167AH         LINE#         1424
  C:1684H         LINE#         1425
  C:1689H         LINE#         1426
  C:169BH         LINE#         1427
  C:169DH         LINE#         1428
BL51 BANKED LINKER/LOCATER V6.22                                                      12/20/2017  19:49:45  PAGE 58


  C:16A0H         LINE#         1430
  C:16A0H         LINE#         1431
  C:16B4H         LINE#         1432
  C:16B7H         LINE#         1433
  C:16B7H         LINE#         1434
  C:16BFH         LINE#         1435
  C:16BFH         LINE#         1437
  C:16C7H         LINE#         1438
  C:16C7H         LINE#         1439
  C:16CBH         LINE#         1440
  C:16D3H         LINE#         1442
  C:16DBH         LINE#         1443
  C:16DBH         LINE#         1444
  C:16DBH         LINE#         1445
  C:16DDH         LINE#         1446
  C:16E1H         LINE#         1447
  C:16E1H         LINE#         1448
  C:16E9H         LINE#         1449
  C:16E9H         LINE#         1450
  C:16E9H         LINE#         1451
  C:16EBH         LINE#         1452
  C:16F8H         LINE#         1453
  C:16F8H         LINE#         1454
  C:16FDH         LINE#         1455
  C:1703H         LINE#         1456
  C:1705H         LINE#         1457
  C:1709H         LINE#         1458
  C:1709H         LINE#         1459
  C:1711H         LINE#         1460
  C:1711H         LINE#         1461
  C:1711H         LINE#         1462
  C:1713H         LINE#         1463
  C:171AH         LINE#         1464
  C:171AH         LINE#         1465
  C:1722H         LINE#         1466
  C:1727H         LINE#         1467
  C:172CH         LINE#         1468
  C:172CH         LINE#         1469
  C:1731H         LINE#         1470
  C:1734H         LINE#         1471
  C:173EH         LINE#         1472
  C:173EH         LINE#         1473
  C:1744H         LINE#         1474
  C:1749H         LINE#         1475
  C:174EH         LINE#         1476
  C:174EH         LINE#         1477
  C:1751H         LINE#         1478
  C:1751H         LINE#         1479
  C:1753H         LINE#         1480
  C:1756H         LINE#         1481
  C:1756H         LINE#         1482
  C:1758H         LINE#         1483
  C:175BH         LINE#         1484
  C:175BH         LINE#         1485
  C:175DH         LINE#         1486
  C:1760H         LINE#         1487
  C:1760H         LINE#         1488
BL51 BANKED LINKER/LOCATER V6.22                                                      12/20/2017  19:49:45  PAGE 59


  C:1762H         LINE#         1489
  C:1765H         LINE#         1490
  C:1765H         LINE#         1491
  C:1767H         LINE#         1493
  C:176AH         LINE#         1494
  C:176AH         LINE#         1495
  C:176CH         LINE#         1496
  C:176FH         LINE#         1499
  C:176FH         LINE#         1501
  C:1771H         LINE#         1502
  C:1771H         LINE#         1503
  C:178BH         LINE#         1504
  C:17A4H         LINE#         1505
  C:17BEH         LINE#         1506
  C:17D7H         LINE#         1507
  C:17DBH         LINE#         1508
  C:17E0H         LINE#         1509
  C:17E6H         LINE#         1511
  C:17E9H         LINE#         1512
  C:17E9H         LINE#         1513
  C:17EBH         LINE#         1514
  C:17F1H         LINE#         1515
  C:17F6H         LINE#         1516
  C:17F9H         LINE#         1517
  C:17F9H         LINE#         1518
  C:17FBH         LINE#         1519
  C:1801H         LINE#         1520
  C:1806H         LINE#         1521
  C:1809H         LINE#         1523
  C:1809H         LINE#         1524
  C:180BH         LINE#         1527
  C:180EH         LINE#         1528
  C:180EH         LINE#         1529
  C:1810H         LINE#         1530
  C:1813H         LINE#         1531
  C:1813H         LINE#         1532
  C:1819H         LINE#         1533
  C:181DH         LINE#         1534
  C:181EH         LINE#         1535
  C:181EH         LINE#         1536
  C:1821H         LINE#         1537
  C:1821H         LINE#         1538
  C:1823H         LINE#         1539
  C:1826H         LINE#         1540
  C:1826H         LINE#         1541
  C:1828H         LINE#         1542
  C:1830H         LINE#         1543
  C:1838H         LINE#         1544
  C:183BH         LINE#         1547
  C:183BH         LINE#         1548
  C:183DH         LINE#         1549
  C:1845H         LINE#         1550
  C:1848H         LINE#         1551
  C:1848H         LINE#         1552
  C:1850H         LINE#         1553
  C:1866H         LINE#         1554
  C:1866H         LINE#         1555
BL51 BANKED LINKER/LOCATER V6.22                                                      12/20/2017  19:49:45  PAGE 60


  C:1866H         LINE#         1556
  C:186CH         LINE#         1557
  C:186EH         LINE#         1558
  C:1870H         LINE#         1559
  C:1870H         LINE#         1560
  C:1876H         LINE#         1561
  C:1878H         LINE#         1562
  C:187AH         LINE#         1563
  C:187AH         LINE#         1564
  C:1880H         LINE#         1565
  C:1882H         LINE#         1566
  C:1884H         LINE#         1567
  C:1884H         LINE#         1568
  C:188AH         LINE#         1569
  C:1890H         LINE#         1570
  C:1893H         LINE#         1571
  C:1893H         LINE#         1572
  C:18A6H         LINE#         1573
  C:18A6H         LINE#         1574
  C:18ABH         LINE#         1575
  C:18B0H         LINE#         1576
  C:18B2H         LINE#         1577
  C:18B5H         LINE#         1581
  C:18B5H         LINE#         1582
  C:18B5H         LINE#         1583
  C:18B5H         LINE#         1584
  C:18B8H         LINE#         1585
  C:18B8H         LINE#         1586
  C:18BBH         LINE#         1587
  C:18BEH         LINE#         1588
  C:18BEH         LINE#         1589
  C:18C1H         LINE#         1590
  C:18C4H         LINE#         1591
  C:18C4H         LINE#         1592
  C:18C7H         LINE#         1593
  C:18CAH         LINE#         1594
  C:18CAH         LINE#         1595
  C:18CDH         LINE#         1596
  C:18D0H         LINE#         1597
  C:18D0H         LINE#         1598
  C:18D8H         LINE#         1599
  C:18E7H         LINE#         1600
  C:18E7H         LINE#         1601
  C:18E7H         LINE#         1602
  C:18F7H         LINE#         1603
  C:18FAH         LINE#         1604
  C:18FAH         LINE#         1605
  C:18FAH         LINE#         1606
  C:18FCH         LINE#         1607
  C:18FCH         LINE#         1608
  C:1901H         LINE#         1609
  C:1903H         LINE#         1610
  C:1903H         LINE#         1611
  C:1903H         LINE#         1612
  C:1905H         LINE#         1613
  C:1905H         LINE#         1614
  C:1943H         LINE#         1615
BL51 BANKED LINKER/LOCATER V6.22                                                      12/20/2017  19:49:45  PAGE 61


  C:1946H         LINE#         1616
  C:194AH         LINE#         1617
  C:1950H         LINE#         1618
  C:1953H         LINE#         1619
  C:1953H         LINE#         1620
  C:1953H         LINE#         1621
  C:1953H         LINE#         1622
  C:1956H         LINE#         1623
  C:1956H         LINE#         1624
  C:195EH         LINE#         1625
  C:196DH         LINE#         1626
  C:196DH         LINE#         1627
  C:196DH         LINE#         1628
  C:1974H         LINE#         1629
  C:1979H         LINE#         1631
  C:1979H         LINE#         1632
  C:197CH         LINE#         1633
  C:197CH         LINE#         1634
  C:1982H         LINE#         1635
  C:1982H         LINE#         1636
  C:19BDH         LINE#         1637
  C:19D5H         LINE#         1638
  C:19D7H         LINE#         1640
  C:19D7H         LINE#         1641
  C:19D9H         LINE#         1642
  C:19D9H         LINE#         1643
  C:19D9H         LINE#         1644
  C:19D9H         LINE#         1645
  C:19DEH         LINE#         1646
  C:19EAH         LINE#         1647
  C:19EAH         LINE#         1648
  C:19EAH         LINE#         1649
  C:19F1H         LINE#         1650
  C:19F5H         LINE#         1651
  C:19FCH         LINE#         1658
  C:19FEH         LINE#         1660
  C:19FEH         LINE#         1661
  C:1A00H         LINE#         1662
  C:1A00H         LINE#         1663
  C:1A37H         LINE#         1664
  C:1A39H         LINE#         1665
  C:1A39H         LINE#         1666
  C:1A39H         LINE#         1669
  C:1A39H         LINE#         1670
  C:1A3EH         LINE#         1671
  C:1A45H         LINE#         1672
  C:1A45H         LINE#         1675
  C:1A4CH         LINE#         1676
  -------         ENDPROC       SETUPCOMMAND
  -------         PROC          RESUME_ISR
  C:0046H         LINE#         1679
  C:0046H         LINE#         1681
  C:0049H         LINE#         1682
  -------         ENDPROC       RESUME_ISR
  -------         PROC          GETSUBID
  -------         DO            
  D:0007H         SYMBOL        tmp
BL51 BANKED LINKER/LOCATER V6.22                                                      12/20/2017  19:49:45  PAGE 62


  D:0006H         SYMBOL        regtmp
  -------         ENDDO         
  C:2EC2H         LINE#         1685
  C:2EC2H         LINE#         1686
  C:2EC2H         LINE#         1687
  C:2EC4H         LINE#         1690
  C:2EC6H         LINE#         1692
  C:2EC9H         LINE#         1693
  C:2ECDH         LINE#         1695
  C:2ECFH         LINE#         1696
  C:2ECFH         LINE#         1697
  -------         ENDPROC       GETSUBID
  -------         PROC          TIMER0_INIT
  C:2E1BH         LINE#         1699
  C:2E1BH         LINE#         1700
  C:2E1BH         LINE#         1701
  C:2E23H         LINE#         1702
  C:2E25H         LINE#         1703
  C:2E28H         LINE#         1704
  C:2E2BH         LINE#         1705
  C:2E2DH         LINE#         1706
  C:2E34H         LINE#         1707
  -------         ENDPROC       TIMER0_INIT
  -------         ENDMOD        FW

  -------         MODULE        USBJMPTBL
  C:2900H         SEGMENT       ?PR?USB_JUMP_TABLE?USBJT
  N:0045H         PUBLIC        USB_INT2AUTOVECTOR
  N:0055H         PUBLIC        USB_INT4AUTOVECTOR
  C:2900H         PUBLIC        USB_JUMP_TABLE
  N:0000H         SYMBOL        USBJMPTBL
  N:005DH         SYMBOL        USB_INT5AUTOVECTOR
  C:005BH         LINE#         17
  C:0043H         LINE#         21
  C:0053H         LINE#         25
  C:2900H         LINE#         33
  C:2904H         LINE#         35
  C:2908H         LINE#         37
  C:290CH         LINE#         39
  C:2910H         LINE#         41
  C:2914H         LINE#         43
  C:2918H         LINE#         45
  C:291CH         LINE#         47
  C:2920H         LINE#         49
  C:2924H         LINE#         51
  C:2928H         LINE#         53
  C:292CH         LINE#         55
  C:2930H         LINE#         57
  C:2934H         LINE#         59
  C:2938H         LINE#         61
  C:293CH         LINE#         63
  C:2940H         LINE#         65
  C:2944H         LINE#         67
  C:2948H         LINE#         69
  C:294CH         LINE#         71
  C:2950H         LINE#         73
  C:2954H         LINE#         75
BL51 BANKED LINKER/LOCATER V6.22                                                      12/20/2017  19:49:45  PAGE 63


  C:2958H         LINE#         77
  C:295CH         LINE#         79
  C:2960H         LINE#         81
  C:2964H         LINE#         83
  C:2968H         LINE#         85
  C:296CH         LINE#         87
  C:2970H         LINE#         89
  C:2974H         LINE#         91
  C:2978H         LINE#         93
  C:297CH         LINE#         95
  C:2980H         LINE#         98
  C:2984H         LINE#         100
  C:2988H         LINE#         102
  C:298CH         LINE#         104
  C:2990H         LINE#         106
  C:2994H         LINE#         108
  C:2998H         LINE#         110
  C:299CH         LINE#         112
  C:29A0H         LINE#         114
  C:29A4H         LINE#         116
  C:29A8H         LINE#         118
  C:29ACH         LINE#         120
  C:29B0H         LINE#         122
  C:29B4H         LINE#         124
  -------         ENDMOD        USBJMPTBL

  -------         MODULE        GET_STRD
  C:0000H         SYMBOL        _ICE_DUMMY_
  C:2D9EH         PUBLIC        _EZUSB_GetStringDscr
  -------         PROC          _EZUSB_GETSTRINGDSCR
  D:0001H         SYMBOL        StrIdx
  -------         DO            
  D:0006H         SYMBOL        dscr
  -------         ENDDO         
  C:2D9EH         LINE#         4
  C:2DA0H         LINE#         5
  C:2DA0H         LINE#         8
  C:2DA4H         LINE#         10
  C:2DAEH         LINE#         11
  C:2DAEH         LINE#         12
  C:2DB4H         LINE#         13
  C:2DB5H         LINE#         14
  C:2DC3H         LINE#         15
  C:2DC5H         LINE#         17
  C:2DC8H         LINE#         18
  -------         ENDPROC       _EZUSB_GETSTRINGDSCR
  -------         ENDMOD        GET_STRD

  -------         MODULE        ?C?CLDOPTR
  C:26C3H         PUBLIC        ?C?CLDOPTR
  -------         ENDMOD        ?C?CLDOPTR

  -------         MODULE        ?C?CSTOPTR
  C:26F0H         PUBLIC        ?C?CSTOPTR
  -------         ENDMOD        ?C?CSTOPTR

  -------         MODULE        ?C?UIDIV
BL51 BANKED LINKER/LOCATER V6.22                                                      12/20/2017  19:49:45  PAGE 64


  C:2712H         PUBLIC        ?C?UIDIV
  -------         ENDMOD        ?C?UIDIV

  -------         MODULE        ?C?SLCMP
  C:2767H         PUBLIC        ?C?SLCMP
  -------         ENDMOD        ?C?SLCMP

  -------         MODULE        ?C?ULCMP
  C:277DH         PUBLIC        ?C?ULCMP
  -------         ENDMOD        ?C?ULCMP

  -------         MODULE        ?C?LSTXDATA
  C:278EH         PUBLIC        ?C?LSTXDATA
  -------         ENDMOD        ?C?LSTXDATA

  -------         MODULE        ?C?LSTKXDATA
  C:279AH         PUBLIC        ?C?LSTKXDATA
  -------         ENDMOD        ?C?LSTKXDATA

  -------         MODULE        ?C?CCASE
  C:27CBH         PUBLIC        ?C?CCASE
  -------         ENDMOD        ?C?CCASE

Program Size: data=98.0 xdata=4513 code=12025
LINK/LOCATE RUN COMPLETE.  0 WARNING(S),  0 ERROR(S)
